\BOOKMARK [0][-]{chapter.1}{\376\377\000I\000n\000t\000r\000o\000d\000u\000c\000t\000i\000o\000n}{}% 1
\BOOKMARK [1][-]{section.1.1}{\376\377\000M\000o\000t\000i\000v\000a\000t\000i\000o\000n}{chapter.1}% 2
\BOOKMARK [1][-]{section.1.2}{\376\377\000P\000r\000o\000b\000l\000e\000m\000\040\000S\000t\000a\000t\000e\000m\000e\000n\000t\000\040\000a\000n\000d\000\040\000R\000e\000s\000e\000a\000r\000c\000h\000\040\000Q\000u\000e\000s\000t\000i\000o\000n\000s}{chapter.1}% 3
\BOOKMARK [1][-]{section.1.3}{\376\377\000C\000o\000n\000t\000r\000i\000b\000u\000t\000i\000o\000n\000s}{chapter.1}% 4
\BOOKMARK [1][-]{section.1.4}{\376\377\000O\000u\000t\000l\000i\000n\000e}{chapter.1}% 5
\BOOKMARK [0][-]{chapter.2}{\376\377\000B\000a\000c\000k\000g\000r\000o\000u\000n\000d}{}% 6
\BOOKMARK [1][-]{section.2.1}{\376\377\000F\000u\000z\000z\000i\000n\000g}{chapter.2}% 7
\BOOKMARK [2][-]{subsection.2.1.1}{\376\377\000O\000v\000e\000r\000v\000i\000e\000w\000\040\000a\000n\000d\000\040\000M\000o\000t\000i\000v\000a\000t\000i\000o\000n}{section.2.1}% 8
\BOOKMARK [2][-]{subsection.2.1.2}{\376\377\000C\000o\000r\000e\000\040\000T\000e\000r\000m\000i\000n\000o\000l\000o\000g\000y}{section.2.1}% 9
\BOOKMARK [2][-]{subsection.2.1.3}{\376\377\000T\000a\000x\000o\000n\000o\000m\000y}{section.2.1}% 10
\BOOKMARK [2][-]{subsection.2.1.4}{\376\377\000I\000n\000p\000u\000t\000\040\000g\000e\000n\000e\000r\000a\000t\000i\000o\000n}{section.2.1}% 11
\BOOKMARK [2][-]{subsection.2.1.5}{\376\377\000C\000o\000v\000e\000r\000a\000g\000e\000-\000G\000u\000i\000d\000e\000d\000\040\000G\000r\000e\000y\000b\000o\000x\000\040\000F\000u\000z\000z\000i\000n\000g}{section.2.1}% 12
\BOOKMARK [2][-]{subsection.2.1.6}{\376\377\000S\000t\000r\000e\000n\000g\000t\000h\000s\000\040\000a\000n\000d\000\040\000L\000i\000m\000i\000t\000a\000t\000i\000o\000n\000s\000\040\000o\000f\000\040\000C\000o\000v\000e\000r\000a\000g\000e\000-\000G\000u\000i\000d\000e\000d\000\040\000F\000u\000z\000z\000i\000n\000g}{section.2.1}% 13
\BOOKMARK [2][-]{subsection.2.1.7}{\376\377\000S\000t\000a\000t\000e\000f\000u\000l\000\040\000a\000n\000d\000\040\000P\000r\000o\000t\000o\000c\000o\000l\000\040\000F\000u\000z\000z\000i\000n\000g}{section.2.1}% 14
\BOOKMARK [2][-]{subsection.2.1.8}{\376\377\000E\000m\000u\000l\000a\000t\000o\000r\000-\000B\000a\000s\000e\000d\000\040\000F\000u\000z\000z\000i\000n\000g}{section.2.1}% 15
\BOOKMARK [1][-]{section.2.2}{\376\377\000R\000e\000i\000n\000f\000o\000r\000c\000e\000m\000e\000n\000t\000\040\000L\000e\000a\000r\000n\000i\000n\000g}{chapter.2}% 16
\BOOKMARK [2][-]{subsection.2.2.1}{\376\377\000A\000g\000e\000n\000t\000,\000\040\000E\000n\000v\000i\000r\000o\000n\000m\000e\000n\000t\000,\000\040\000a\000n\000d\000\040\000M\000a\000r\000k\000o\000v\000\040\000D\000e\000c\000i\000s\000i\000o\000n\000\040\000P\000r\000o\000c\000e\000s\000s\000e\000s}{section.2.2}% 17
\BOOKMARK [2][-]{subsection.2.2.2}{\376\377\000E\000x\000p\000l\000o\000r\000a\000t\000i\000o\000n\000\040\000v\000e\000r\000s\000u\000s\000\040\000E\000x\000p\000l\000o\000i\000t\000a\000t\000i\000o\000n}{section.2.2}% 18
\BOOKMARK [2][-]{subsection.2.2.3}{\376\377\000A\000l\000g\000o\000r\000i\000t\000h\000m\000\040\000F\000a\000m\000i\000l\000i\000e\000s}{section.2.2}% 19
\BOOKMARK [2][-]{subsection.2.2.4}{\376\377\000M\000o\000d\000e\000l\000-\000F\000r\000e\000e\000\040\000v\000e\000r\000s\000u\000s\000\040\000M\000o\000d\000e\000l\000-\000B\000a\000s\000e\000d\000\040\000R\000L}{section.2.2}% 20
\BOOKMARK [2][-]{subsection.2.2.5}{\376\377\000S\000a\000m\000p\000l\000e\000\040\000E\000f\000f\000i\000c\000i\000e\000n\000c\000y}{section.2.2}% 21
\BOOKMARK [0][-]{chapter.3}{\376\377\000E\000f\000f\000i\000c\000i\000e\000n\000t\000Z\000e\000r\000o}{}% 22
\BOOKMARK [0][-]{chapter.4}{\376\377\000R\000e\000l\000a\000t\000e\000d\000\040\000W\000o\000r\000k}{}% 23
\BOOKMARK [1][-]{section.4.1}{\376\377\000F\000u\000z\000z\000i\000n\000g\000\040\000a\000s\000\040\000a\000\040\000R\000e\000i\000n\000f\000o\000r\000c\000e\000m\000e\000n\000t\000\040\000L\000e\000a\000r\000n\000i\000n\000g\000\040\000P\000r\000o\000b\000l\000e\000m}{chapter.4}% 24
\BOOKMARK [1][-]{section.4.2}{\376\377\000P\000r\000i\000o\000r\000\040\000W\000o\000r\000k}{chapter.4}% 25
\BOOKMARK [1][-]{section.4.3}{\376\377\000R\000e\000c\000u\000r\000r\000i\000n\000g\000\040\000D\000i\000f\000f\000i\000c\000u\000l\000t\000i\000e\000s}{chapter.4}% 26
\BOOKMARK [1][-]{section.4.4}{\376\377\000T\000h\000e\000\040\000G\000a\000p\000\040\000A\000d\000d\000r\000e\000s\000s\000e\000d\000\040\000b\000y\000\040\000T\000h\000i\000s\000\040\000T\000h\000e\000s\000i\000s}{chapter.4}% 27
\BOOKMARK [0][-]{chapter.5}{\376\377\000T\000h\000e\000\040\000M\000O\000G\000I\000\040\000P\000l\000a\000t\000f\000o\000r\000m}{}% 28
\BOOKMARK [1][-]{section.5.1}{\376\377\000O\000v\000e\000r\000v\000i\000e\000w}{chapter.5}% 29
\BOOKMARK [1][-]{section.5.2}{\376\377\000E\000m\000u\000l\000a\000t\000i\000o\000n\000\040\000a\000n\000d\000\040\000t\000h\000e\000\040\000G\000u\000e\000s\000t\000\040\000M\000o\000d\000e\000l}{chapter.5}% 30
\BOOKMARK [1][-]{section.5.3}{\376\377\000C\000o\000v\000e\000r\000a\000g\000e\000\040\000I\000n\000s\000t\000r\000u\000m\000e\000n\000t\000a\000t\000i\000o\000n}{chapter.5}% 31
\BOOKMARK [1][-]{section.5.4}{\376\377\000S\000n\000a\000p\000s\000h\000o\000t\000s\000\040\000a\000n\000d\000\040\000t\000h\000e\000\040\000R\000e\000s\000e\000t\000\040\000P\000r\000i\000m\000i\000t\000i\000v\000e}{chapter.5}% 32
\BOOKMARK [1][-]{section.5.5}{\376\377\000D\000e\000t\000e\000r\000m\000i\000n\000i\000s\000m}{chapter.5}% 33
\BOOKMARK [1][-]{section.5.6}{\376\377\000T\000h\000r\000o\000u\000g\000h\000p\000u\000t}{chapter.5}% 34
\BOOKMARK [0][-]{chapter.6}{\376\377\000F\000u\000z\000z\000i\000n\000g\000\040\000a\000s\000\040\000a\000\040\000M\000a\000r\000k\000o\000v\000\040\000D\000e\000c\000i\000s\000i\000o\000n\000\040\000P\000r\000o\000c\000e\000s\000s}{}% 35
\BOOKMARK [1][-]{section.6.1}{\376\377\000T\000h\000e\000\040\000E\000n\000v\000i\000r\000o\000n\000m\000e\000n\000t\000\040\000I\000n\000t\000e\000r\000f\000a\000c\000e}{chapter.6}% 36
\BOOKMARK [1][-]{section.6.2}{\376\377\000C\000o\000n\000s\000t\000r\000a\000i\000n\000t\000s\000\040\000I\000m\000p\000o\000s\000e\000d\000\040\000b\000y\000\040\000t\000h\000e\000\040\000L\000e\000a\000r\000n\000e\000r}{chapter.6}% 37
\BOOKMARK [1][-]{section.6.3}{\376\377\000D\000e\000s\000i\000g\000n\000\040\000A\000x\000e\000s}{chapter.6}% 38
\BOOKMARK [1][-]{section.6.4}{\376\377\000T\000h\000e\000\040\000T\000w\000o\000\040\000F\000o\000r\000m\000u\000l\000a\000t\000i\000o\000n\000s}{chapter.6}% 39
\BOOKMARK [0][-]{chapter.7}{\376\377\000I\000n\000p\000u\000t\000-\000L\000e\000v\000e\000l\000\040\000A\000c\000t\000i\000o\000n\000\040\000S\000p\000a\000c\000e\000s}{}% 40
\BOOKMARK [1][-]{section.7.1}{\376\377\000O\000v\000e\000r\000v\000i\000e\000w}{chapter.7}% 41
\BOOKMARK [1][-]{section.7.2}{\376\377\000A\000c\000t\000i\000o\000n\000\040\000S\000p\000a\000c\000e}{chapter.7}% 42
\BOOKMARK [1][-]{section.7.3}{\376\377\000O\000b\000s\000e\000r\000v\000a\000t\000i\000o\000n}{chapter.7}% 43
\BOOKMARK [1][-]{section.7.4}{\376\377\000R\000e\000w\000a\000r\000d\000\040\000a\000n\000d\000\040\000E\000p\000i\000s\000o\000d\000e\000\040\000S\000t\000r\000u\000c\000t\000u\000r\000e}{chapter.7}% 44
\BOOKMARK [1][-]{section.7.5}{\376\377\000D\000e\000t\000e\000r\000m\000i\000n\000i\000s\000m\000\040\000a\000n\000d\000\040\000t\000h\000e\000\040\000P\000l\000a\000n\000n\000i\000n\000g\000\040\000C\000o\000n\000t\000r\000a\000c\000t}{chapter.7}% 45
\BOOKMARK [1][-]{section.7.6}{\376\377\000R\000e\000l\000a\000t\000i\000o\000n\000\040\000t\000o\000\040\000P\000r\000i\000o\000r\000\040\000W\000o\000r\000k}{chapter.7}% 46
\BOOKMARK [0][-]{chapter.8}{\376\377\000C\000o\000r\000p\000u\000s\000-\000L\000e\000v\000e\000l\000\040\000A\000c\000t\000i\000o\000n\000\040\000S\000p\000a\000c\000e\000s}{}% 47
\BOOKMARK [1][-]{section.8.1}{\376\377\000O\000v\000e\000r\000v\000i\000e\000w}{chapter.8}% 48
\BOOKMARK [1][-]{section.8.2}{\376\377\000A\000c\000t\000i\000o\000n\000\040\000S\000p\000a\000c\000e}{chapter.8}% 49
\BOOKMARK [1][-]{section.8.3}{\376\377\000O\000b\000s\000e\000r\000v\000a\000t\000i\000o\000n}{chapter.8}% 50
\BOOKMARK [1][-]{section.8.4}{\376\377\000R\000e\000w\000a\000r\000d\000\040\000a\000n\000d\000\040\000E\000p\000i\000s\000o\000d\000e\000\040\000S\000t\000r\000u\000c\000t\000u\000r\000e}{chapter.8}% 51
\BOOKMARK [1][-]{section.8.5}{\376\377\000D\000e\000t\000e\000r\000m\000i\000n\000i\000s\000m\000\040\000a\000n\000d\000\040\000t\000h\000e\000\040\000P\000l\000a\000n\000n\000i\000n\000g\000\040\000C\000o\000n\000t\000r\000a\000c\000t}{chapter.8}% 52
\BOOKMARK [1][-]{section.8.6}{\376\377\000R\000e\000l\000a\000t\000i\000o\000n\000\040\000t\000o\000\040\000P\000r\000i\000o\000r\000\040\000W\000o\000r\000k}{chapter.8}% 53
\BOOKMARK [0][-]{chapter.9}{\376\377\000I\000m\000p\000l\000e\000m\000e\000n\000t\000a\000t\000i\000o\000n}{}% 54
\BOOKMARK [1][-]{section.9.1}{\376\377\000A\000n\000\040\000E\000f\000f\000i\000c\000i\000e\000n\000t\000Z\000e\000r\000o\000\040\000I\000m\000p\000l\000e\000m\000e\000n\000t\000a\000t\000i\000o\000n\000\040\000i\000n\000\040\000R\000u\000s\000t}{chapter.9}% 55
\BOOKMARK [1][-]{section.9.2}{\376\377\000T\000h\000e\000\040\000E\000n\000v\000i\000r\000o\000n\000m\000e\000n\000t\000\040\000A\000b\000s\000t\000r\000a\000c\000t\000i\000o\000n}{chapter.9}% 56
\BOOKMARK [1][-]{section.9.3}{\376\377\000T\000h\000e\000\040\000G\000e\000n\000e\000r\000i\000c\000\040\000C\000o\000r\000p\000u\000s\000\040\000M\000o\000d\000u\000l\000e}{chapter.9}% 57
\BOOKMARK [1][-]{section.9.4}{\376\377\000E\000x\000p\000e\000r\000i\000m\000e\000n\000t\000\040\000a\000n\000d\000\040\000D\000i\000a\000g\000n\000o\000s\000t\000i\000c\000\040\000I\000n\000f\000r\000a\000s\000t\000r\000u\000c\000t\000u\000r\000e}{chapter.9}% 58
\BOOKMARK [1][-]{section.9.5}{\376\377\000R\000e\000p\000r\000o\000d\000u\000c\000i\000b\000i\000l\000i\000t\000y}{chapter.9}% 59
\BOOKMARK [0][-]{chapter.10}{\376\377\000T\000a\000r\000g\000e\000t\000s}{}% 60
\BOOKMARK [1][-]{section.10.1}{\376\377\000O\000v\000e\000r\000v\000i\000e\000w}{chapter.10}% 61
\BOOKMARK [1][-]{section.10.2}{\376\377\000D\000i\000a\000g\000n\000o\000s\000t\000i\000c\000\040\000M\000i\000c\000r\000o\000b\000e\000n\000c\000h\000m\000a\000r\000k\000s}{chapter.10}% 62
\BOOKMARK [2][-]{subsection.10.2.1}{\376\377\000B\000a\000n\000d\000i\000t}{section.10.2}% 63
\BOOKMARK [2][-]{subsection.10.2.2}{\376\377\000C\000o\000n\000t\000e\000x\000t\000u\000a\000l\000\040\000B\000a\000n\000d\000i\000t}{section.10.2}% 64
\BOOKMARK [2][-]{subsection.10.2.3}{\376\377\000S\000e\000q\000u\000e\000n\000c\000e}{section.10.2}% 65
\BOOKMARK [2][-]{subsection.10.2.4}{\376\377\000B\000r\000a\000n\000c\000h\000e\000s}{section.10.2}% 66
\BOOKMARK [1][-]{section.10.3}{\376\377\000R\000e\000a\000l\000i\000s\000t\000i\000c\000\040\000T\000a\000r\000g\000e\000t\000s}{chapter.10}% 67
\BOOKMARK [2][-]{subsection.10.3.1}{\376\377\000c\000J\000S\000O\000N}{section.10.3}% 68
\BOOKMARK [2][-]{subsection.10.3.2}{\376\377\000o\000p\000e\000n\0006\0002\0005\0004\0001}{section.10.3}% 69
\BOOKMARK [0][-]{chapter.11}{\376\377\000E\000x\000p\000e\000r\000i\000m\000e\000n\000t\000a\000l\000\040\000M\000e\000t\000h\000o\000d\000o\000l\000o\000g\000y}{}% 70
\BOOKMARK [1][-]{section.11.1}{\376\377\000E\000x\000p\000e\000r\000i\000m\000e\000n\000t\000a\000l\000\040\000S\000e\000t\000u\000p}{chapter.11}% 71
\BOOKMARK [1][-]{section.11.2}{\376\377\000M\000e\000t\000r\000i\000c\000s}{chapter.11}% 72
\BOOKMARK [1][-]{section.11.3}{\376\377\000B\000a\000s\000e\000l\000i\000n\000e\000s}{chapter.11}% 73
\BOOKMARK [1][-]{section.11.4}{\376\377\000C\000u\000r\000r\000e\000n\000c\000i\000e\000s\000:\000\040\000E\000x\000e\000c\000u\000t\000i\000o\000n\000s\000\040\000v\000e\000r\000s\000u\000s\000\040\000W\000a\000l\000l\000-\000C\000l\000o\000c\000k}{chapter.11}% 74
\BOOKMARK [1][-]{section.11.5}{\376\377\000M\000u\000l\000t\000i\000-\000S\000e\000e\000d\000\040\000P\000r\000o\000t\000o\000c\000o\000l}{chapter.11}% 75
\BOOKMARK [1][-]{section.11.6}{\376\377\000H\000y\000p\000e\000r\000p\000a\000r\000a\000m\000e\000t\000e\000r\000\040\000J\000u\000s\000t\000i\000f\000i\000c\000a\000t\000i\000o\000n}{chapter.11}% 76
\BOOKMARK [1][-]{section.11.7}{\376\377\000E\000x\000p\000l\000o\000r\000a\000t\000o\000r\000y\000\040\000a\000n\000d\000\040\000C\000o\000n\000f\000i\000r\000m\000a\000t\000o\000r\000y\000\040\000R\000e\000s\000u\000l\000t\000s}{chapter.11}% 77
\BOOKMARK [0][-]{chapter.12}{\376\377\000R\000e\000s\000u\000l\000t\000s}{}% 78
\BOOKMARK [1][-]{section.12.1}{\376\377\000I\000n\000p\000u\000t\000-\000L\000e\000v\000e\000l\000\040\000A\000c\000t\000i\000o\000n\000\040\000S\000p\000a\000c\000e\000s}{chapter.12}% 79
\BOOKMARK [1][-]{section.12.2}{\376\377\000C\000o\000r\000p\000u\000s\000-\000L\000e\000v\000e\000l\000\040\000A\000c\000t\000i\000o\000n\000\040\000S\000p\000a\000c\000e\000s}{chapter.12}% 80
\BOOKMARK [1][-]{section.12.3}{\376\377\000H\000e\000a\000d\000-\000t\000o\000-\000H\000e\000a\000d\000:\000\040\000c\000J\000S\000O\000N\000\040\000u\000n\000d\000e\000r\000\040\000B\000o\000t\000h\000\040\000F\000o\000r\000m\000u\000l\000a\000t\000i\000o\000n\000s}{chapter.12}% 81
\BOOKMARK [1][-]{section.12.4}{\376\377\000A\000b\000l\000a\000t\000i\000o\000n\000s}{chapter.12}% 82
\BOOKMARK [0][-]{chapter.13}{\376\377\000F\000a\000i\000l\000u\000r\000e\000\040\000M\000o\000d\000e\000s\000\040\000a\000n\000d\000\040\000D\000i\000a\000g\000n\000o\000s\000i\000s}{}% 83
\BOOKMARK [1][-]{section.13.1}{\376\377\000O\000v\000e\000r\000v\000i\000e\000w}{chapter.13}% 84
\BOOKMARK [1][-]{section.13.2}{\376\377\000P\000o\000l\000i\000c\000y\000\040\000C\000o\000l\000l\000a\000p\000s\000e\000\040\000a\000n\000d\000\040\000t\000h\000e\000\040\000E\000c\000h\000o\000\040\000C\000h\000a\000m\000b\000e\000r}{chapter.13}% 85
\BOOKMARK [1][-]{section.13.3}{\376\377\000D\000e\000a\000d\000-\000B\000r\000a\000n\000c\000h\000\040\000V\000a\000l\000u\000e\000\040\000F\000a\000n\000t\000a\000s\000y}{chapter.13}% 86
\BOOKMARK [1][-]{section.13.4}{\376\377\000V\000a\000l\000u\000e\000-\000P\000r\000e\000f\000i\000x\000\040\000a\000n\000d\000\040\000S\000u\000p\000p\000o\000r\000t\000\040\000P\000a\000t\000h\000o\000l\000o\000g\000i\000e\000s}{chapter.13}% 87
\BOOKMARK [1][-]{section.13.5}{\376\377\000R\000e\000w\000a\000r\000d\000\040\000H\000a\000c\000k\000i\000n\000g}{chapter.13}% 88
\BOOKMARK [1][-]{section.13.6}{\376\377\000D\000i\000a\000g\000n\000o\000s\000i\000n\000g\000\040\000a\000\040\000C\000o\000l\000l\000a\000p\000s\000e\000d\000\040\000R\000u\000n}{chapter.13}% 89
\BOOKMARK [0][-]{chapter.14}{\376\377\000D\000i\000s\000c\000u\000s\000s\000i\000o\000n}{}% 90
\BOOKMARK [1][-]{section.14.1}{\376\377\000W\000h\000e\000r\000e\000\040\000t\000h\000e\000\040\000A\000p\000p\000r\000o\000a\000c\000h\000\040\000H\000e\000l\000p\000s}{chapter.14}% 91
\BOOKMARK [1][-]{section.14.2}{\376\377\000C\000o\000s\000t\000s\000\040\000a\000n\000d\000\040\000L\000i\000m\000i\000t\000a\000t\000i\000o\000n\000s}{chapter.14}% 92
\BOOKMARK [1][-]{section.14.3}{\376\377\000T\000h\000r\000e\000a\000t\000s\000\040\000t\000o\000\040\000V\000a\000l\000i\000d\000i\000t\000y}{chapter.14}% 93
\BOOKMARK [0][-]{chapter.15}{\376\377\000C\000o\000n\000c\000l\000u\000s\000i\000o\000n}{}% 94
\BOOKMARK [0][-]{chapter.16}{\376\377\000F\000u\000t\000u\000r\000e\000\040\000W\000o\000r\000k}{}% 95
\BOOKMARK [0][-]{chapter*.26}{\376\377\000B\000i\000b\000l\000i\000o\000g\000r\000a\000p\000h\000y}{}% 96
\BOOKMARK [0][-]{appendix.A}{\376\377\000F\000r\000o\000z\000e\000n\000\040\000C\000o\000n\000f\000i\000g\000u\000r\000a\000t\000i\000o\000n}{}% 97
\BOOKMARK [0][-]{appendix.B}{\376\377\000A\000c\000t\000i\000o\000n\000\040\000a\000n\000d\000\040\000O\000b\000s\000e\000r\000v\000a\000t\000i\000o\000n\000\040\000E\000n\000c\000o\000d\000i\000n\000g\000s}{}% 98
\BOOKMARK [0][-]{appendix.C}{\376\377\000A\000d\000d\000i\000t\000i\000o\000n\000a\000l\000\040\000R\000e\000s\000u\000l\000t\000s}{}% 99
