This is pdfTeX, Version 3.141592653-2.6-1.40.27 (TeX Live 2025/nixos.org) (preloaded format=pdflatex 1980.1.1)  26 JUL 2026 04:52
entering extended mode
 restricted \write18 enabled.
 file:line:error style messages enabled.
 %&-line parsing enabled.
**thesis.tex
(./thesis.tex
LaTeX2e <2025-11-01>
L3 programming layer <2026-01-19>

(/nix/store/arhp5gpazidag3p1hpnvhbabis0bd7bd-texlive-combined-full-2025-final-t
exmfdist/tex/latex/base/report.cls
Document Class: report 2025/01/22 v1.4n Standard LaTeX document class

(/nix/store/arhp5gpazidag3p1hpnvhbabis0bd7bd-texlive-combined-full-2025-final-t
exmfdist/tex/latex/base/size11.clo
File: size11.clo 2025/01/22 v1.4n Standard LaTeX file (size option)
)
\c@part=\count275
\c@chapter=\count276
\c@section=\count277
\c@subsection=\count278
\c@subsubsection=\count279
\c@paragraph=\count280
\c@subparagraph=\count281
\c@figure=\count282
\c@table=\count283
\abovecaptionskip=\skip49
\belowcaptionskip=\skip50
\bibindent=\dimen148
)
(/nix/store/arhp5gpazidag3p1hpnvhbabis0bd7bd-texlive-combined-full-2025-final-t
exmfdist/tex/latex/base/fontenc.sty
Package: fontenc 2025/07/18 v2.1d Standard LaTeX package
)
(/nix/store/arhp5gpazidag3p1hpnvhbabis0bd7bd-texlive-combined-full-2025-final-t
exmfdist/tex/latex/base/inputenc.sty
Package: inputenc 2024/02/08 v1.3d Input encoding file
\inpenc@prehook=\toks17
\inpenc@posthook=\toks18
)
(/nix/store/arhp5gpazidag3p1hpnvhbabis0bd7bd-texlive-combined-full-2025-final-t
exmfdist/tex/latex/lm/lmodern.sty
Package: lmodern 2015/05/01 v1.6.1 Latin Modern Fonts
LaTeX Font Info:    Overwriting symbol font `operators' in version `normal'
(Font)                  OT1/cmr/m/n --> OT1/lmr/m/n on input line 22.
LaTeX Font Info:    Overwriting symbol font `letters' in version `normal'
(Font)                  OML/cmm/m/it --> OML/lmm/m/it on input line 23.
LaTeX Font Info:    Overwriting symbol font `symbols' in version `normal'
(Font)                  OMS/cmsy/m/n --> OMS/lmsy/m/n on input line 24.
LaTeX Font Info:    Overwriting symbol font `largesymbols' in version `normal'
(Font)                  OMX/cmex/m/n --> OMX/lmex/m/n on input line 25.
LaTeX Font Info:    Overwriting symbol font `operators' in version `bold'
(Font)                  OT1/cmr/bx/n --> OT1/lmr/bx/n on input line 26.
LaTeX Font Info:    Overwriting symbol font `letters' in version `bold'
(Font)                  OML/cmm/b/it --> OML/lmm/b/it on input line 27.
LaTeX Font Info:    Overwriting symbol font `symbols' in version `bold'
(Font)                  OMS/cmsy/b/n --> OMS/lmsy/b/n on input line 28.
LaTeX Font Info:    Overwriting symbol font `largesymbols' in version `bold'
(Font)                  OMX/cmex/m/n --> OMX/lmex/m/n on input line 29.
LaTeX Font Info:    Overwriting math alphabet `\mathbf' in version `normal'
(Font)                  OT1/cmr/bx/n --> OT1/lmr/bx/n on input line 31.
LaTeX Font Info:    Overwriting math alphabet `\mathsf' in version `normal'
(Font)                  OT1/cmss/m/n --> OT1/lmss/m/n on input line 32.
LaTeX Font Info:    Overwriting math alphabet `\mathit' in version `normal'
(Font)                  OT1/cmr/m/it --> OT1/lmr/m/it on input line 33.
LaTeX Font Info:    Overwriting math alphabet `\mathtt' in version `normal'
(Font)                  OT1/cmtt/m/n --> OT1/lmtt/m/n on input line 34.
LaTeX Font Info:    Overwriting math alphabet `\mathbf' in version `bold'
(Font)                  OT1/cmr/bx/n --> OT1/lmr/bx/n on input line 35.
LaTeX Font Info:    Overwriting math alphabet `\mathsf' in version `bold'
(Font)                  OT1/cmss/bx/n --> OT1/lmss/bx/n on input line 36.
LaTeX Font Info:    Overwriting math alphabet `\mathit' in version `bold'
(Font)                  OT1/cmr/bx/it --> OT1/lmr/bx/it on input line 37.
LaTeX Font Info:    Overwriting math alphabet `\mathtt' in version `bold'
(Font)                  OT1/cmtt/m/n --> OT1/lmtt/m/n on input line 38.
)
(/nix/store/arhp5gpazidag3p1hpnvhbabis0bd7bd-texlive-combined-full-2025-final-t
exmfdist/tex/latex/microtype/microtype.sty
Package: microtype 2026/03/01 v3.2d Micro-typographical refinements (RS)

(/nix/store/arhp5gpazidag3p1hpnvhbabis0bd7bd-texlive-combined-full-2025-final-t
exmfdist/tex/latex/graphics/keyval.sty
Package: keyval 2022/05/29 v1.15 key=value parser (DPC)
\KV@toks@=\toks19
)
(/nix/store/arhp5gpazidag3p1hpnvhbabis0bd7bd-texlive-combined-full-2025-final-t
exmfdist/tex/latex/etoolbox/etoolbox.sty
Package: etoolbox 2025/10/02 v2.5m e-TeX tools for LaTeX (JAW)
\etb@tempcnta=\count284
)
\MT@toks=\toks20
\MT@tempbox=\box53
\MT@count=\count285
LaTeX Info: Redefining \noprotrusionifhmode on input line 1084.
LaTeX Info: Redefining \leftprotrusion on input line 1085.
\MT@prot@toks=\toks21
LaTeX Info: Redefining \rightprotrusion on input line 1104.
LaTeX Info: Redefining \textls on input line 1449.
\MT@outer@kern=\dimen149
LaTeX Info: Redefining \microtypecontext on input line 2053.
LaTeX Info: Redefining \textmicrotypecontext on input line 2070.
\MT@listname@count=\count286

(/nix/store/arhp5gpazidag3p1hpnvhbabis0bd7bd-texlive-combined-full-2025-final-t
exmfdist/tex/latex/microtype/microtype-pdftex.def
File: microtype-pdftex.def 2026/03/01 v3.2d Definitions specific to pdftex (RS)

LaTeX Info: Redefining \lsstyle on input line 944.
LaTeX Info: Redefining \lslig on input line 944.
\MT@outer@space=\skip51
)
Package microtype Info: Loading configuration file microtype.cfg.

(/nix/store/arhp5gpazidag3p1hpnvhbabis0bd7bd-texlive-combined-full-2025-final-t
exmfdist/tex/latex/microtype/microtype.cfg
File: microtype.cfg 2026/03/01 v3.2d microtype main configuration file (RS)
)
LaTeX Info: Redefining \microtypesetup on input line 3065.
)
(/nix/store/arhp5gpazidag3p1hpnvhbabis0bd7bd-texlive-combined-full-2025-final-t
exmfdist/tex/generic/babel/babel.sty
Package: babel 2026/02/14 v26.3 The multilingual framework for LuaLaTeX, pdfLaT
eX and XeLaTeX
\babel@savecnt=\count287
LaTeX Encoding Info:    Redeclaring text command \ij (encoding OT1) on input li
ne 2078.
LaTeX Encoding Info:    Redeclaring text command \IJ (encoding OT1) on input li
ne 2080.
LaTeX Encoding Info:    Redeclaring text command \ij (encoding T1) on input lin
e 2082.
LaTeX Encoding Info:    Redeclaring text command \IJ (encoding T1) on input lin
e 2083.
LaTeX Encoding Info:    Ignoring declaration for text command \ij (encoding ?) 
on input line 2084.
LaTeX Encoding Info:    Ignoring declaration for text command \IJ (encoding ?) 
on input line 2086.
LaTeX Encoding Info:    Ignoring declaration for text command \SS (encoding ?) 
on input line 2111.
\U@D=\dimen150
\l@unhyphenated=\language90

(/nix/store/arhp5gpazidag3p1hpnvhbabis0bd7bd-texlive-combined-full-2025-final-t
exmfdist/tex/generic/babel/txtbabel.def)
\bbl@readstream=\read2
\bbl@dirlevel=\count288

(/nix/store/arhp5gpazidag3p1hpnvhbabis0bd7bd-texlive-combined-full-2025-final-t
exmfdist/tex/generic/babel/locale/en/babel-english.tex)
Package babel Info: Importing font and identification data for english
(babel)             from babel-en.ini. Reported on input line 4330.

(/nix/store/arhp5gpazidag3p1hpnvhbabis0bd7bd-texlive-combined-full-2025-final-t
exmfdist/tex/generic/babel-english/english.ldf
Language: english 2017/06/06 v3.3r English support from the babel system
Package babel Info: Hyphen rules for 'canadian' set to \l@english
(babel)             (\language0). Reported on input line 102.
Package babel Info: Hyphen rules for 'australian' set to \l@ukenglish
(babel)             (\language22). Reported on input line 105.
Package babel Info: Hyphen rules for 'newzealand' set to \l@ukenglish
(babel)             (\language22). Reported on input line 108.
))
(/nix/store/arhp5gpazidag3p1hpnvhbabis0bd7bd-texlive-combined-full-2025-final-t
exmfdist/tex/latex/csquotes/csquotes.sty
Package: csquotes 2024-04-04 v5.2o context-sensitive quotations (JAW)
\csq@reset=\count289
\csq@gtype=\count290
\csq@glevel=\count291
\csq@qlevel=\count292
\csq@maxlvl=\count293
\csq@tshold=\count294
\csq@ltx@everypar=\toks22

(/nix/store/arhp5gpazidag3p1hpnvhbabis0bd7bd-texlive-combined-full-2025-final-t
exmfdist/tex/latex/csquotes/csquotes.def
File: csquotes.def 2024-04-04 v5.2o csquotes generic definitions (JAW)
)
Package csquotes Info: Trying to load configuration file 'csquotes.cfg'...
Package csquotes Info: ... configuration file loaded successfully.

(/nix/store/arhp5gpazidag3p1hpnvhbabis0bd7bd-texlive-combined-full-2025-final-t
exmfdist/tex/latex/csquotes/csquotes.cfg
File: csquotes.cfg 
))
(/nix/store/arhp5gpazidag3p1hpnvhbabis0bd7bd-texlive-combined-full-2025-final-t
exmfdist/tex/latex/geometry/geometry.sty
Package: geometry 2020/01/02 v5.9 Page Geometry

(/nix/store/arhp5gpazidag3p1hpnvhbabis0bd7bd-texlive-combined-full-2025-final-t
exmfdist/tex/generic/iftex/ifvtex.sty
Package: ifvtex 2019/10/25 v1.7 ifvtex legacy package. Use iftex instead.

(/nix/store/arhp5gpazidag3p1hpnvhbabis0bd7bd-texlive-combined-full-2025-final-t
exmfdist/tex/generic/iftex/iftex.sty
Package: iftex 2024/12/12 v1.0g TeX engine tests
))
\Gm@cnth=\count295
\Gm@cntv=\count296
\c@Gm@tempcnt=\count297
\Gm@bindingoffset=\dimen151
\Gm@wd@mp=\dimen152
\Gm@odd@mp=\dimen153
\Gm@even@mp=\dimen154
\Gm@layoutwidth=\dimen155
\Gm@layoutheight=\dimen156
\Gm@layouthoffset=\dimen157
\Gm@layoutvoffset=\dimen158
\Gm@dimlist=\toks23
)
(/nix/store/arhp5gpazidag3p1hpnvhbabis0bd7bd-texlive-combined-full-2025-final-t
exmfdist/tex/latex/setspace/setspace.sty
Package: setspace 2022/12/04 v6.7b set line spacing
)
(/nix/store/arhp5gpazidag3p1hpnvhbabis0bd7bd-texlive-combined-full-2025-final-t
exmfdist/tex/latex/amsmath/amsmath.sty
Package: amsmath 2025/07/09 v2.17z AMS math features
\@mathmargin=\skip52

For additional information on amsmath, use the `?' option.

(/nix/store/arhp5gpazidag3p1hpnvhbabis0bd7bd-texlive-combined-full-2025-final-t
exmfdist/tex/latex/amsmath/amstext.sty
Package: amstext 2024/11/17 v2.01 AMS text

(/nix/store/arhp5gpazidag3p1hpnvhbabis0bd7bd-texlive-combined-full-2025-final-t
exmfdist/tex/latex/amsmath/amsgen.sty
File: amsgen.sty 1999/11/30 v2.0 generic functions
\@emptytoks=\toks24
\ex@=\dimen159
))
(/nix/store/arhp5gpazidag3p1hpnvhbabis0bd7bd-texlive-combined-full-2025-final-t
exmfdist/tex/latex/amsmath/amsbsy.sty
Package: amsbsy 1999/11/29 v1.2d Bold Symbols
\pmbraise@=\dimen160
)
(/nix/store/arhp5gpazidag3p1hpnvhbabis0bd7bd-texlive-combined-full-2025-final-t
exmfdist/tex/latex/amsmath/amsopn.sty
Package: amsopn 2022/04/08 v2.04 operator names
)
\inf@bad=\count298
LaTeX Info: Redefining \frac on input line 233.
\uproot@=\count299
\leftroot@=\count300
LaTeX Info: Redefining \overline on input line 398.
LaTeX Info: Redefining \colon on input line 409.
\classnum@=\count301
\DOTSCASE@=\count302
LaTeX Info: Redefining \ldots on input line 495.
LaTeX Info: Redefining \dots on input line 498.
LaTeX Info: Redefining \cdots on input line 619.
\Mathstrutbox@=\box54
\strutbox@=\box55
LaTeX Info: Redefining \big on input line 721.
LaTeX Info: Redefining \Big on input line 722.
LaTeX Info: Redefining \bigg on input line 723.
LaTeX Info: Redefining \Bigg on input line 724.
\big@size=\dimen161
LaTeX Font Info:    Redeclaring font encoding OML on input line 742.
LaTeX Font Info:    Redeclaring font encoding OMS on input line 743.
\macc@depth=\count303
LaTeX Info: Redefining \bmod on input line 904.
LaTeX Info: Redefining \pmod on input line 909.
LaTeX Info: Redefining \smash on input line 939.
LaTeX Info: Redefining \relbar on input line 969.
LaTeX Info: Redefining \Relbar on input line 970.
\c@MaxMatrixCols=\count304
\dotsspace@=\muskip17
\c@parentequation=\count305
\dspbrk@lvl=\count306
\tag@help=\toks25
\row@=\count307
\column@=\count308
\maxfields@=\count309
\andhelp@=\toks26
\eqnshift@=\dimen162
\alignsep@=\dimen163
\tagshift@=\dimen164
\tagwidth@=\dimen165
\totwidth@=\dimen166
\lineht@=\dimen167
\@envbody=\toks27
\multlinegap=\skip53
\multlinetaggap=\skip54
\mathdisplay@stack=\toks28
LaTeX Info: Redefining \[ on input line 2950.
LaTeX Info: Redefining \] on input line 2951.
)
(/nix/store/arhp5gpazidag3p1hpnvhbabis0bd7bd-texlive-combined-full-2025-final-t
exmfdist/tex/latex/amsfonts/amssymb.sty
Package: amssymb 2013/01/14 v3.01 AMS font symbols

(/nix/store/arhp5gpazidag3p1hpnvhbabis0bd7bd-texlive-combined-full-2025-final-t
exmfdist/tex/latex/amsfonts/amsfonts.sty
Package: amsfonts 2013/01/14 v3.01 Basic AMSFonts support
\symAMSa=\mathgroup4
\symAMSb=\mathgroup5
LaTeX Font Info:    Redeclaring math symbol \hbar on input line 98.
LaTeX Font Info:    Overwriting math alphabet `\mathfrak' in version `bold'
(Font)                  U/euf/m/n --> U/euf/b/n on input line 106.
))
(/nix/store/arhp5gpazidag3p1hpnvhbabis0bd7bd-texlive-combined-full-2025-final-t
exmfdist/tex/latex/amscls/amsthm.sty
Package: amsthm 2020/05/29 v2.20.6
\thm@style=\toks29
\thm@bodyfont=\toks30
\thm@headfont=\toks31
\thm@notefont=\toks32
\thm@headpunct=\toks33
\thm@preskip=\skip55
\thm@postskip=\skip56
\thm@headsep=\skip57
\dth@everypar=\toks34
)
(/nix/store/arhp5gpazidag3p1hpnvhbabis0bd7bd-texlive-combined-full-2025-final-t
exmfdist/tex/latex/mathtools/mathtools.sty
Package: mathtools 2024/10/04 v1.31 mathematical typesetting tools

(/nix/store/arhp5gpazidag3p1hpnvhbabis0bd7bd-texlive-combined-full-2025-final-t
exmfdist/tex/latex/tools/calc.sty
Package: calc 2025/03/01 v4.3b Infix arithmetic (KKT,FJ)
\calc@Acount=\count310
\calc@Bcount=\count311
\calc@Adimen=\dimen168
\calc@Bdimen=\dimen169
\calc@Askip=\skip58
\calc@Bskip=\skip59
LaTeX Info: Redefining \setlength on input line 86.
LaTeX Info: Redefining \addtolength on input line 87.
\calc@Ccount=\count312
\calc@Cskip=\skip60
)
(/nix/store/arhp5gpazidag3p1hpnvhbabis0bd7bd-texlive-combined-full-2025-final-t
exmfdist/tex/latex/mathtools/mhsetup.sty
Package: mhsetup 2021/03/18 v1.4 programming setup (MH)
)
\g_MT_multlinerow_int=\count313
\l_MT_multwidth_dim=\dimen170
\origjot=\skip61
\l_MT_shortvdotswithinadjustabove_dim=\dimen171
\l_MT_shortvdotswithinadjustbelow_dim=\dimen172
\l_MT_above_intertext_sep=\dimen173
\l_MT_below_intertext_sep=\dimen174
\l_MT_above_shortintertext_sep=\dimen175
\l_MT_below_shortintertext_sep=\dimen176
\xmathstrut@box=\box56
\xmathstrut@dim=\dimen177
)
(/nix/store/arhp5gpazidag3p1hpnvhbabis0bd7bd-texlive-combined-full-2025-final-t
exmfdist/tex/latex/graphics/graphicx.sty
Package: graphicx 2024/12/31 v1.2e Enhanced LaTeX Graphics (DPC,SPQR)

(/nix/store/arhp5gpazidag3p1hpnvhbabis0bd7bd-texlive-combined-full-2025-final-t
exmfdist/tex/latex/graphics/graphics.sty
Package: graphics 2024/08/06 v1.4g Standard LaTeX Graphics (DPC,SPQR)

(/nix/store/arhp5gpazidag3p1hpnvhbabis0bd7bd-texlive-combined-full-2025-final-t
exmfdist/tex/latex/graphics/trig.sty
Package: trig 2023/12/02 v1.11 sin cos tan (DPC)
)
(/nix/store/arhp5gpazidag3p1hpnvhbabis0bd7bd-texlive-combined-full-2025-final-t
exmfdist/tex/latex/graphics-cfg/graphics.cfg
File: graphics.cfg 2016/06/04 v1.11 sample graphics configuration
)
Package graphics Info: Driver file: pdftex.def on input line 106.

(/nix/store/arhp5gpazidag3p1hpnvhbabis0bd7bd-texlive-combined-full-2025-final-t
exmfdist/tex/latex/graphics-def/pdftex.def
File: pdftex.def 2025/09/29 v1.2d Graphics/color driver for pdftex
))
\Gin@req@height=\dimen178
\Gin@req@width=\dimen179
)
(/nix/store/arhp5gpazidag3p1hpnvhbabis0bd7bd-texlive-combined-full-2025-final-t
exmfdist/tex/latex/xcolor/xcolor.sty
Package: xcolor 2024/09/29 v3.02 LaTeX color extensions (UK)

(/nix/store/arhp5gpazidag3p1hpnvhbabis0bd7bd-texlive-combined-full-2025-final-t
exmfdist/tex/latex/graphics-cfg/color.cfg
File: color.cfg 2016/01/02 v1.6 sample color configuration
)
Package xcolor Info: Driver file: pdftex.def on input line 274.

(/nix/store/arhp5gpazidag3p1hpnvhbabis0bd7bd-texlive-combined-full-2025-final-t
exmfdist/tex/latex/graphics/mathcolor.ltx)
Package xcolor Info: Model `cmy' substituted by `cmy0' on input line 1349.
Package xcolor Info: Model `hsb' substituted by `rgb' on input line 1353.
Package xcolor Info: Model `RGB' extended on input line 1365.
Package xcolor Info: Model `HTML' substituted by `rgb' on input line 1367.
Package xcolor Info: Model `Hsb' substituted by `hsb' on input line 1368.
Package xcolor Info: Model `tHsb' substituted by `hsb' on input line 1369.
Package xcolor Info: Model `HSB' substituted by `hsb' on input line 1370.
Package xcolor Info: Model `Gray' substituted by `gray' on input line 1371.
Package xcolor Info: Model `wave' substituted by `hsb' on input line 1372.
)
(/nix/store/arhp5gpazidag3p1hpnvhbabis0bd7bd-texlive-combined-full-2025-final-t
exmfdist/tex/latex/caption/caption.sty
Package: caption 2023/08/05 v3.6o Customizing captions (AR)

(/nix/store/arhp5gpazidag3p1hpnvhbabis0bd7bd-texlive-combined-full-2025-final-t
exmfdist/tex/latex/caption/caption3.sty
Package: caption3 2023/07/31 v2.4d caption3 kernel (AR)
\caption@tempdima=\dimen180
\captionmargin=\dimen181
\caption@leftmargin=\dimen182
\caption@rightmargin=\dimen183
\caption@width=\dimen184
\caption@indent=\dimen185
\caption@parindent=\dimen186
\caption@hangindent=\dimen187
Package caption Info: Standard document class detected.
)
\c@caption@flags=\count314
\c@continuedfloat=\count315
)
(/nix/store/arhp5gpazidag3p1hpnvhbabis0bd7bd-texlive-combined-full-2025-final-t
exmfdist/tex/latex/caption/subcaption.sty
Package: subcaption 2023/07/28 v1.6b Sub-captions (AR)
Package caption Info: New subtype `subfigure' on input line 238.
\c@subfigure=\count316
Package caption Info: New subtype `subtable' on input line 238.
\c@subtable=\count317
)
(/nix/store/arhp5gpazidag3p1hpnvhbabis0bd7bd-texlive-combined-full-2025-final-t
exmfdist/tex/latex/float/float.sty
Package: float 2001/11/08 v1.3d Float enhancements (AL)
\c@float@type=\count318
\float@exts=\toks35
\float@box=\box57
\@float@everytoks=\toks36
\@floatcapt=\box58
)
(/nix/store/arhp5gpazidag3p1hpnvhbabis0bd7bd-texlive-combined-full-2025-final-t
exmfdist/tex/latex/booktabs/booktabs.sty
Package: booktabs 2020/01/12 v1.61803398 Publication quality tables
\heavyrulewidth=\dimen188
\lightrulewidth=\dimen189
\cmidrulewidth=\dimen190
\belowrulesep=\dimen191
\belowbottomsep=\dimen192
\aboverulesep=\dimen193
\abovetopsep=\dimen194
\cmidrulesep=\dimen195
\cmidrulekern=\dimen196
\defaultaddspace=\dimen197
\@cmidla=\count319
\@cmidlb=\count320
\@aboverulesep=\dimen198
\@belowrulesep=\dimen199
\@thisruleclass=\count321
\@lastruleclass=\count322
\@thisrulewidth=\dimen256
)
(/nix/store/arhp5gpazidag3p1hpnvhbabis0bd7bd-texlive-combined-full-2025-final-t
exmfdist/tex/latex/tools/array.sty
Package: array 2025/09/25 v2.6n Tabular extension package (FMi)
\col@sep=\dimen257
\ar@mcellbox=\box59
\extrarowheight=\dimen258
\NC@list=\toks37
\extratabsurround=\skip62
\backup@length=\skip63
\ar@cellbox=\box60
)
(/nix/store/arhp5gpazidag3p1hpnvhbabis0bd7bd-texlive-combined-full-2025-final-t
exmfdist/tex/latex/tools/tabularx.sty
Package: tabularx 2023/12/11 v2.12a `tabularx' package (DPC)
\TX@col@width=\dimen259
\TX@old@table=\dimen260
\TX@old@col=\dimen261
\TX@target=\dimen262
\TX@delta=\dimen263
\TX@cols=\count323
\TX@ftn=\toks38
)
(/nix/store/arhp5gpazidag3p1hpnvhbabis0bd7bd-texlive-combined-full-2025-final-t
exmfdist/tex/latex/multirow/multirow.sty
Package: multirow 2024/11/12 v2.9 Span multiple rows of a table
\multirow@colwidth=\skip64
\multirow@cntb=\count324
\multirow@dima=\skip65
\bigstrutjot=\dimen264
)
(/nix/store/arhp5gpazidag3p1hpnvhbabis0bd7bd-texlive-combined-full-2025-final-t
exmfdist/tex/latex/siunitx/siunitx.sty
Package: siunitx 2025-07-09 v3.4.14 A comprehensive (SI) units package
\l__siunitx_number_uncert_offset_int=\count325
\l__siunitx_number_exponent_fixed_int=\count326
\l__siunitx_number_min_decimal_int=\count327
\l__siunitx_number_min_integer_int=\count328
\l__siunitx_number_round_precision_int=\count329
\l__siunitx_number_lower_threshold_int=\count330
\l__siunitx_number_upper_threshold_int=\count331
\l__siunitx_number_group_first_int=\count332
\l__siunitx_number_group_size_int=\count333
\l__siunitx_number_group_minimum_int=\count334
\l__siunitx_angle_tmp_dim=\dimen265
\l__siunitx_angle_marker_box=\box61
\l__siunitx_angle_unit_box=\box62
\l__siunitx_compound_count_int=\count335

(/nix/store/arhp5gpazidag3p1hpnvhbabis0bd7bd-texlive-combined-full-2025-final-t
exmfdist/tex/latex/translations/translations.sty
Package: translations 2022/02/05 v1.12 internationalization of LaTeX2e packages
 (CN)

(/nix/store/arhp5gpazidag3p1hpnvhbabis0bd7bd-texlive-combined-full-2025-final-t
exmfdist/tex/generic/pdftexcmds/pdftexcmds.sty
Package: pdftexcmds 2020-06-27 v0.33 Utility functions of pdfTeX for LuaTeX (HO
)

(/nix/store/arhp5gpazidag3p1hpnvhbabis0bd7bd-texlive-combined-full-2025-final-t
exmfdist/tex/generic/infwarerr/infwarerr.sty
Package: infwarerr 2019/12/03 v1.5 Providing info/warning/error messages (HO)
)
(/nix/store/arhp5gpazidag3p1hpnvhbabis0bd7bd-texlive-combined-full-2025-final-t
exmfdist/tex/generic/ltxcmds/ltxcmds.sty
Package: ltxcmds 2023-12-04 v1.26 LaTeX kernel commands for general use (HO)
)
Package pdftexcmds Info: \pdf@primitive is available.
Package pdftexcmds Info: \pdf@ifprimitive is available.
Package pdftexcmds Info: \pdfdraftmode found.
))
\l__siunitx_table_tmp_box=\box63
\l__siunitx_table_tmp_dim=\dimen266
\l__siunitx_table_column_width_dim=\dimen267
\l__siunitx_table_integer_box=\box64
\l__siunitx_table_decimal_box=\box65
\l__siunitx_table_uncert_box=\box66
\l__siunitx_table_before_box=\box67
\l__siunitx_table_after_box=\box68
\l__siunitx_table_before_dim=\dimen268
\l__siunitx_table_carry_dim=\dimen269
\l__siunitx_unit_tmp_int=\count336
\l__siunitx_unit_position_int=\count337
\l__siunitx_unit_total_int=\count338
)
(/nix/store/arhp5gpazidag3p1hpnvhbabis0bd7bd-texlive-combined-full-2025-final-t
exmfdist/tex/latex/listings/listings.sty
\lst@mode=\count339
\lst@gtempboxa=\box69
\lst@token=\toks39
\lst@length=\count340
\lst@currlwidth=\dimen270
\lst@column=\count341
\lst@pos=\count342
\lst@lostspace=\dimen271
\lst@width=\dimen272
\lst@newlines=\count343
\lst@lineno=\count344
\lst@maxwidth=\dimen273

(/nix/store/arhp5gpazidag3p1hpnvhbabis0bd7bd-texlive-combined-full-2025-final-t
exmfdist/tex/latex/listings/lstpatch.sty
File: lstpatch.sty 2025/11/14 1.11b (Carsten Heinz)
)
(/nix/store/arhp5gpazidag3p1hpnvhbabis0bd7bd-texlive-combined-full-2025-final-t
exmfdist/tex/latex/listings/lstmisc.sty
File: lstmisc.sty 2025/11/14 1.11b (Carsten Heinz)
\c@lstnumber=\count345
\lst@skipnumbers=\count346
\lst@framebox=\box70
)
(/nix/store/arhp5gpazidag3p1hpnvhbabis0bd7bd-texlive-combined-full-2025-final-t
exmfdist/tex/latex/listings/listings.cfg
File: listings.cfg 2025/11/14 1.11b listings configuration
))
Package: listings 2025/11/14 1.11b (Carsten Heinz)

==> First Aid for listings.sty no longer applied!
    Expected:
        2024/09/23 1.10c (Carsten Heinz)
    but found:
        2025/11/14 1.11b (Carsten Heinz)
    so I'm assuming it got fixed.

(/nix/store/arhp5gpazidag3p1hpnvhbabis0bd7bd-texlive-combined-full-2025-final-t
exmfdist/tex/latex/algorithms/algorithm.sty
Package: algorithm 2009/08/24 v0.1 Document Style `algorithm' - floating enviro
nment

(/nix/store/arhp5gpazidag3p1hpnvhbabis0bd7bd-texlive-combined-full-2025-final-t
exmfdist/tex/latex/base/ifthen.sty
Package: ifthen 2024/03/16 v1.1e Standard LaTeX ifthen package (DPC)
)
\@float@every@algorithm=\toks40
\c@algorithm=\count347
)
(/nix/store/arhp5gpazidag3p1hpnvhbabis0bd7bd-texlive-combined-full-2025-final-t
exmfdist/tex/latex/algorithmicx/algpseudocode.sty
Package: algpseudocode 

(/nix/store/arhp5gpazidag3p1hpnvhbabis0bd7bd-texlive-combined-full-2025-final-t
exmfdist/tex/latex/algorithmicx/algorithmicx.sty
Package: algorithmicx 2005/04/27 v1.2 Algorithmicx

Document Style algorithmicx 1.2 - a greatly improved `algorithmic' style
\c@ALG@line=\count348
\c@ALG@rem=\count349
\c@ALG@nested=\count350
\ALG@tlm=\skip66
\ALG@thistlm=\skip67
\c@ALG@Lnr=\count351
\c@ALG@blocknr=\count352
\c@ALG@storecount=\count353
\c@ALG@tmpcounter=\count354
\ALG@tmplength=\skip68
)
Document Style - pseudocode environments for use with the `algorithmicx' style
)
(/nix/store/arhp5gpazidag3p1hpnvhbabis0bd7bd-texlive-combined-full-2025-final-t
exmfdist/tex/latex/todonotes/todonotes.sty
Package: todonotes 2024/01/05 v1.1.7 Todonotes source and documentation.
Package: todonotes 2024/01/05

(/nix/store/arhp5gpazidag3p1hpnvhbabis0bd7bd-texlive-combined-full-2025-final-t
exmfdist/tex/latex/xkeyval/xkeyval.sty
Package: xkeyval 2025/11/04 v2.10 package option processing (HA)

(/nix/store/arhp5gpazidag3p1hpnvhbabis0bd7bd-texlive-combined-full-2025-final-t
exmfdist/tex/generic/xkeyval/xkeyval.tex
(/nix/store/arhp5gpazidag3p1hpnvhbabis0bd7bd-texlive-combined-full-2025-final-t
exmfdist/tex/generic/xkeyval/xkvutils.tex
\XKV@toks=\toks41
\XKV@tempa@toks=\toks42
\XKV@tempb@toks=\toks43
)
\XKV@depth=\count355
File: xkeyval.tex 2014/12/03 v2.7a key=value parser (HA)
))
(/nix/store/arhp5gpazidag3p1hpnvhbabis0bd7bd-texlive-combined-full-2025-final-t
exmfdist/tex/latex/pgf/frontendlayer/tikz.sty
(/nix/store/arhp5gpazidag3p1hpnvhbabis0bd7bd-texlive-combined-full-2025-final-t
exmfdist/tex/latex/pgf/basiclayer/pgf.sty
(/nix/store/arhp5gpazidag3p1hpnvhbabis0bd7bd-texlive-combined-full-2025-final-t
exmfdist/tex/latex/pgf/utilities/pgfrcs.sty
(/nix/store/arhp5gpazidag3p1hpnvhbabis0bd7bd-texlive-combined-full-2025-final-t
exmfdist/tex/generic/pgf/utilities/pgfutil-common.tex
\pgfutil@everybye=\toks44
\pgfutil@tempdima=\dimen274
\pgfutil@tempdimb=\dimen275
)
(/nix/store/arhp5gpazidag3p1hpnvhbabis0bd7bd-texlive-combined-full-2025-final-t
exmfdist/tex/generic/pgf/utilities/pgfutil-latex.def
\pgfutil@abb=\box71
)
(/nix/store/arhp5gpazidag3p1hpnvhbabis0bd7bd-texlive-combined-full-2025-final-t
exmfdist/tex/generic/pgf/utilities/pgfrcs.code.tex
(/nix/store/arhp5gpazidag3p1hpnvhbabis0bd7bd-texlive-combined-full-2025-final-t
exmfdist/tex/generic/pgf/pgf.revision.tex)
Package: pgfrcs 2025-08-29 v3.1.11a (3.1.11a)
))
Package: pgf 2025-08-29 v3.1.11a (3.1.11a)

(/nix/store/arhp5gpazidag3p1hpnvhbabis0bd7bd-texlive-combined-full-2025-final-t
exmfdist/tex/latex/pgf/basiclayer/pgfcore.sty
(/nix/store/arhp5gpazidag3p1hpnvhbabis0bd7bd-texlive-combined-full-2025-final-t
exmfdist/tex/latex/pgf/systemlayer/pgfsys.sty
(/nix/store/arhp5gpazidag3p1hpnvhbabis0bd7bd-texlive-combined-full-2025-final-t
exmfdist/tex/generic/pgf/systemlayer/pgfsys.code.tex
Package: pgfsys 2025-08-29 v3.1.11a (3.1.11a)

(/nix/store/arhp5gpazidag3p1hpnvhbabis0bd7bd-texlive-combined-full-2025-final-t
exmfdist/tex/generic/pgf/utilities/pgfkeys.code.tex
\pgfkeys@pathtoks=\toks45
\pgfkeys@temptoks=\toks46

(/nix/store/arhp5gpazidag3p1hpnvhbabis0bd7bd-texlive-combined-full-2025-final-t
exmfdist/tex/generic/pgf/utilities/pgfkeyslibraryfiltered.code.tex
\pgfkeys@tmptoks=\toks47
))
\pgf@x=\dimen276
\pgf@y=\dimen277
\pgf@xa=\dimen278
\pgf@ya=\dimen279
\pgf@xb=\dimen280
\pgf@yb=\dimen281
\pgf@xc=\dimen282
\pgf@yc=\dimen283
\pgf@xd=\dimen284
\pgf@yd=\dimen285
\w@pgf@writea=\write3
\r@pgf@reada=\read3
\c@pgf@counta=\count356
\c@pgf@countb=\count357
\c@pgf@countc=\count358
\c@pgf@countd=\count359
\t@pgf@toka=\toks48
\t@pgf@tokb=\toks49
\t@pgf@tokc=\toks50
\pgf@sys@id@count=\count360

(/nix/store/arhp5gpazidag3p1hpnvhbabis0bd7bd-texlive-combined-full-2025-final-t
exmfdist/tex/generic/pgf/systemlayer/pgf.cfg
File: pgf.cfg 2025-08-29 v3.1.11a (3.1.11a)
)
Driver file for pgf: pgfsys-pdftex.def

(/nix/store/arhp5gpazidag3p1hpnvhbabis0bd7bd-texlive-combined-full-2025-final-t
exmfdist/tex/generic/pgf/systemlayer/pgfsys-pdftex.def
File: pgfsys-pdftex.def 2025-08-29 v3.1.11a (3.1.11a)

(/nix/store/arhp5gpazidag3p1hpnvhbabis0bd7bd-texlive-combined-full-2025-final-t
exmfdist/tex/generic/pgf/systemlayer/pgfsys-common-pdf.def
File: pgfsys-common-pdf.def 2025-08-29 v3.1.11a (3.1.11a)
)))
(/nix/store/arhp5gpazidag3p1hpnvhbabis0bd7bd-texlive-combined-full-2025-final-t
exmfdist/tex/generic/pgf/systemlayer/pgfsyssoftpath.code.tex
File: pgfsyssoftpath.code.tex 2025-08-29 v3.1.11a (3.1.11a)
\pgfsyssoftpath@smallbuffer@items=\count361
\pgfsyssoftpath@bigbuffer@items=\count362
)
(/nix/store/arhp5gpazidag3p1hpnvhbabis0bd7bd-texlive-combined-full-2025-final-t
exmfdist/tex/generic/pgf/systemlayer/pgfsysprotocol.code.tex
File: pgfsysprotocol.code.tex 2025-08-29 v3.1.11a (3.1.11a)
))
(/nix/store/arhp5gpazidag3p1hpnvhbabis0bd7bd-texlive-combined-full-2025-final-t
exmfdist/tex/generic/pgf/basiclayer/pgfcore.code.tex
Package: pgfcore 2025-08-29 v3.1.11a (3.1.11a)

(/nix/store/arhp5gpazidag3p1hpnvhbabis0bd7bd-texlive-combined-full-2025-final-t
exmfdist/tex/generic/pgf/math/pgfmath.code.tex
(/nix/store/arhp5gpazidag3p1hpnvhbabis0bd7bd-texlive-combined-full-2025-final-t
exmfdist/tex/generic/pgf/math/pgfmathutil.code.tex)
(/nix/store/arhp5gpazidag3p1hpnvhbabis0bd7bd-texlive-combined-full-2025-final-t
exmfdist/tex/generic/pgf/math/pgfmathparser.code.tex
\pgfmath@dimen=\dimen286
\pgfmath@count=\count363
\pgfmath@box=\box72
\pgfmath@toks=\toks51
\pgfmath@stack@operand=\toks52
\pgfmath@stack@operation=\toks53
)
(/nix/store/arhp5gpazidag3p1hpnvhbabis0bd7bd-texlive-combined-full-2025-final-t
exmfdist/tex/generic/pgf/math/pgfmathfunctions.code.tex)
(/nix/store/arhp5gpazidag3p1hpnvhbabis0bd7bd-texlive-combined-full-2025-final-t
exmfdist/tex/generic/pgf/math/pgfmathfunctions.basic.code.tex)
(/nix/store/arhp5gpazidag3p1hpnvhbabis0bd7bd-texlive-combined-full-2025-final-t
exmfdist/tex/generic/pgf/math/pgfmathfunctions.trigonometric.code.tex)
(/nix/store/arhp5gpazidag3p1hpnvhbabis0bd7bd-texlive-combined-full-2025-final-t
exmfdist/tex/generic/pgf/math/pgfmathfunctions.random.code.tex)
(/nix/store/arhp5gpazidag3p1hpnvhbabis0bd7bd-texlive-combined-full-2025-final-t
exmfdist/tex/generic/pgf/math/pgfmathfunctions.comparison.code.tex)
(/nix/store/arhp5gpazidag3p1hpnvhbabis0bd7bd-texlive-combined-full-2025-final-t
exmfdist/tex/generic/pgf/math/pgfmathfunctions.base.code.tex)
(/nix/store/arhp5gpazidag3p1hpnvhbabis0bd7bd-texlive-combined-full-2025-final-t
exmfdist/tex/generic/pgf/math/pgfmathfunctions.round.code.tex)
(/nix/store/arhp5gpazidag3p1hpnvhbabis0bd7bd-texlive-combined-full-2025-final-t
exmfdist/tex/generic/pgf/math/pgfmathfunctions.misc.code.tex)
(/nix/store/arhp5gpazidag3p1hpnvhbabis0bd7bd-texlive-combined-full-2025-final-t
exmfdist/tex/generic/pgf/math/pgfmathfunctions.integerarithmetics.code.tex)
(/nix/store/arhp5gpazidag3p1hpnvhbabis0bd7bd-texlive-combined-full-2025-final-t
exmfdist/tex/generic/pgf/math/pgfmathcalc.code.tex)
(/nix/store/arhp5gpazidag3p1hpnvhbabis0bd7bd-texlive-combined-full-2025-final-t
exmfdist/tex/generic/pgf/math/pgfmathfloat.code.tex
\c@pgfmathroundto@lastzeros=\count364
))
(/nix/store/arhp5gpazidag3p1hpnvhbabis0bd7bd-texlive-combined-full-2025-final-t
exmfdist/tex/generic/pgf/math/pgfint.code.tex)
(/nix/store/arhp5gpazidag3p1hpnvhbabis0bd7bd-texlive-combined-full-2025-final-t
exmfdist/tex/generic/pgf/basiclayer/pgfcorepoints.code.tex
File: pgfcorepoints.code.tex 2025-08-29 v3.1.11a (3.1.11a)
\pgf@picminx=\dimen287
\pgf@picmaxx=\dimen288
\pgf@picminy=\dimen289
\pgf@picmaxy=\dimen290
\pgf@pathminx=\dimen291
\pgf@pathmaxx=\dimen292
\pgf@pathminy=\dimen293
\pgf@pathmaxy=\dimen294
\pgf@xx=\dimen295
\pgf@xy=\dimen296
\pgf@yx=\dimen297
\pgf@yy=\dimen298
\pgf@zx=\dimen299
\pgf@zy=\dimen300
)
(/nix/store/arhp5gpazidag3p1hpnvhbabis0bd7bd-texlive-combined-full-2025-final-t
exmfdist/tex/generic/pgf/basiclayer/pgfcorepathconstruct.code.tex
File: pgfcorepathconstruct.code.tex 2025-08-29 v3.1.11a (3.1.11a)
\pgf@path@lastx=\dimen301
\pgf@path@lasty=\dimen302
)
(/nix/store/arhp5gpazidag3p1hpnvhbabis0bd7bd-texlive-combined-full-2025-final-t
exmfdist/tex/generic/pgf/basiclayer/pgfcorepathusage.code.tex
File: pgfcorepathusage.code.tex 2025-08-29 v3.1.11a (3.1.11a)
\pgf@shorten@end@additional=\dimen303
\pgf@shorten@start@additional=\dimen304
)
(/nix/store/arhp5gpazidag3p1hpnvhbabis0bd7bd-texlive-combined-full-2025-final-t
exmfdist/tex/generic/pgf/basiclayer/pgfcorescopes.code.tex
File: pgfcorescopes.code.tex 2025-08-29 v3.1.11a (3.1.11a)
\pgfpic=\box73
\pgf@hbox=\box74
\pgf@layerbox@main=\box75
\pgf@picture@serial@count=\count365
)
(/nix/store/arhp5gpazidag3p1hpnvhbabis0bd7bd-texlive-combined-full-2025-final-t
exmfdist/tex/generic/pgf/basiclayer/pgfcoregraphicstate.code.tex
File: pgfcoregraphicstate.code.tex 2025-08-29 v3.1.11a (3.1.11a)
\pgflinewidth=\dimen305
)
(/nix/store/arhp5gpazidag3p1hpnvhbabis0bd7bd-texlive-combined-full-2025-final-t
exmfdist/tex/generic/pgf/basiclayer/pgfcoretransformations.code.tex
File: pgfcoretransformations.code.tex 2025-08-29 v3.1.11a (3.1.11a)
\pgf@pt@x=\dimen306
\pgf@pt@y=\dimen307
\pgf@pt@temp=\dimen308
)
(/nix/store/arhp5gpazidag3p1hpnvhbabis0bd7bd-texlive-combined-full-2025-final-t
exmfdist/tex/generic/pgf/basiclayer/pgfcorequick.code.tex
File: pgfcorequick.code.tex 2025-08-29 v3.1.11a (3.1.11a)
)
(/nix/store/arhp5gpazidag3p1hpnvhbabis0bd7bd-texlive-combined-full-2025-final-t
exmfdist/tex/generic/pgf/basiclayer/pgfcoreobjects.code.tex
File: pgfcoreobjects.code.tex 2025-08-29 v3.1.11a (3.1.11a)
)
(/nix/store/arhp5gpazidag3p1hpnvhbabis0bd7bd-texlive-combined-full-2025-final-t
exmfdist/tex/generic/pgf/basiclayer/pgfcorepathprocessing.code.tex
File: pgfcorepathprocessing.code.tex 2025-08-29 v3.1.11a (3.1.11a)
)
(/nix/store/arhp5gpazidag3p1hpnvhbabis0bd7bd-texlive-combined-full-2025-final-t
exmfdist/tex/generic/pgf/basiclayer/pgfcorearrows.code.tex
File: pgfcorearrows.code.tex 2025-08-29 v3.1.11a (3.1.11a)
\pgfarrowsep=\dimen309
)
(/nix/store/arhp5gpazidag3p1hpnvhbabis0bd7bd-texlive-combined-full-2025-final-t
exmfdist/tex/generic/pgf/basiclayer/pgfcoreshade.code.tex
File: pgfcoreshade.code.tex 2025-08-29 v3.1.11a (3.1.11a)
\pgf@max=\dimen310
\pgf@sys@shading@range@num=\count366
\pgf@shadingcount=\count367
)
(/nix/store/arhp5gpazidag3p1hpnvhbabis0bd7bd-texlive-combined-full-2025-final-t
exmfdist/tex/generic/pgf/basiclayer/pgfcoreimage.code.tex
File: pgfcoreimage.code.tex 2025-08-29 v3.1.11a (3.1.11a)
)
(/nix/store/arhp5gpazidag3p1hpnvhbabis0bd7bd-texlive-combined-full-2025-final-t
exmfdist/tex/generic/pgf/basiclayer/pgfcoreexternal.code.tex
File: pgfcoreexternal.code.tex 2025-08-29 v3.1.11a (3.1.11a)
\pgfexternal@startupbox=\box76
)
(/nix/store/arhp5gpazidag3p1hpnvhbabis0bd7bd-texlive-combined-full-2025-final-t
exmfdist/tex/generic/pgf/basiclayer/pgfcorelayers.code.tex
File: pgfcorelayers.code.tex 2025-08-29 v3.1.11a (3.1.11a)
)
(/nix/store/arhp5gpazidag3p1hpnvhbabis0bd7bd-texlive-combined-full-2025-final-t
exmfdist/tex/generic/pgf/basiclayer/pgfcoretransparency.code.tex
File: pgfcoretransparency.code.tex 2025-08-29 v3.1.11a (3.1.11a)
)
(/nix/store/arhp5gpazidag3p1hpnvhbabis0bd7bd-texlive-combined-full-2025-final-t
exmfdist/tex/generic/pgf/basiclayer/pgfcorepatterns.code.tex
File: pgfcorepatterns.code.tex 2025-08-29 v3.1.11a (3.1.11a)
)
(/nix/store/arhp5gpazidag3p1hpnvhbabis0bd7bd-texlive-combined-full-2025-final-t
exmfdist/tex/generic/pgf/basiclayer/pgfcorerdf.code.tex
File: pgfcorerdf.code.tex 2025-08-29 v3.1.11a (3.1.11a)
)))
(/nix/store/arhp5gpazidag3p1hpnvhbabis0bd7bd-texlive-combined-full-2025-final-t
exmfdist/tex/generic/pgf/modules/pgfmoduleshapes.code.tex
File: pgfmoduleshapes.code.tex 2025-08-29 v3.1.11a (3.1.11a)
\pgfnodeparttextbox=\box77
)
(/nix/store/arhp5gpazidag3p1hpnvhbabis0bd7bd-texlive-combined-full-2025-final-t
exmfdist/tex/generic/pgf/modules/pgfmoduleplot.code.tex
File: pgfmoduleplot.code.tex 2025-08-29 v3.1.11a (3.1.11a)
)
(/nix/store/arhp5gpazidag3p1hpnvhbabis0bd7bd-texlive-combined-full-2025-final-t
exmfdist/tex/latex/pgf/compatibility/pgfcomp-version-0-65.sty
Package: pgfcomp-version-0-65 2025-08-29 v3.1.11a (3.1.11a)
\pgf@nodesepstart=\dimen311
\pgf@nodesepend=\dimen312
)
(/nix/store/arhp5gpazidag3p1hpnvhbabis0bd7bd-texlive-combined-full-2025-final-t
exmfdist/tex/latex/pgf/compatibility/pgfcomp-version-1-18.sty
Package: pgfcomp-version-1-18 2025-08-29 v3.1.11a (3.1.11a)
))
(/nix/store/arhp5gpazidag3p1hpnvhbabis0bd7bd-texlive-combined-full-2025-final-t
exmfdist/tex/latex/pgf/utilities/pgffor.sty
(/nix/store/arhp5gpazidag3p1hpnvhbabis0bd7bd-texlive-combined-full-2025-final-t
exmfdist/tex/latex/pgf/utilities/pgfkeys.sty
(/nix/store/arhp5gpazidag3p1hpnvhbabis0bd7bd-texlive-combined-full-2025-final-t
exmfdist/tex/generic/pgf/utilities/pgfkeys.code.tex))
(/nix/store/arhp5gpazidag3p1hpnvhbabis0bd7bd-texlive-combined-full-2025-final-t
exmfdist/tex/latex/pgf/math/pgfmath.sty
(/nix/store/arhp5gpazidag3p1hpnvhbabis0bd7bd-texlive-combined-full-2025-final-t
exmfdist/tex/generic/pgf/math/pgfmath.code.tex))
(/nix/store/arhp5gpazidag3p1hpnvhbabis0bd7bd-texlive-combined-full-2025-final-t
exmfdist/tex/generic/pgf/utilities/pgffor.code.tex
Package: pgffor 2025-08-29 v3.1.11a (3.1.11a)
\pgffor@iter=\dimen313
\pgffor@skip=\dimen314
\pgffor@stack=\toks54
\pgffor@toks=\toks55
))
(/nix/store/arhp5gpazidag3p1hpnvhbabis0bd7bd-texlive-combined-full-2025-final-t
exmfdist/tex/generic/pgf/frontendlayer/tikz/tikz.code.tex
Package: tikz 2025-08-29 v3.1.11a (3.1.11a)

(/nix/store/arhp5gpazidag3p1hpnvhbabis0bd7bd-texlive-combined-full-2025-final-t
exmfdist/tex/generic/pgf/libraries/pgflibraryplothandlers.code.tex
File: pgflibraryplothandlers.code.tex 2025-08-29 v3.1.11a (3.1.11a)
\pgf@plot@mark@count=\count368
\pgfplotmarksize=\dimen315
)
\tikz@lastx=\dimen316
\tikz@lasty=\dimen317
\tikz@lastxsaved=\dimen318
\tikz@lastysaved=\dimen319
\tikz@lastmovetox=\dimen320
\tikz@lastmovetoy=\dimen321
\tikzleveldistance=\dimen322
\tikzsiblingdistance=\dimen323
\tikz@figbox=\box78
\tikz@figbox@bg=\box79
\tikz@tempbox=\box80
\tikz@tempbox@bg=\box81
\tikztreelevel=\count369
\tikznumberofchildren=\count370
\tikznumberofcurrentchild=\count371
\tikz@fig@count=\count372

(/nix/store/arhp5gpazidag3p1hpnvhbabis0bd7bd-texlive-combined-full-2025-final-t
exmfdist/tex/generic/pgf/modules/pgfmodulematrix.code.tex
File: pgfmodulematrix.code.tex 2025-08-29 v3.1.11a (3.1.11a)
\pgfmatrixcurrentrow=\count373
\pgfmatrixcurrentcolumn=\count374
\pgf@matrix@numberofcolumns=\count375
)
\tikz@expandcount=\count376

(/nix/store/arhp5gpazidag3p1hpnvhbabis0bd7bd-texlive-combined-full-2025-final-t
exmfdist/tex/generic/pgf/frontendlayer/tikz/libraries/tikzlibrarytopaths.code.t
ex
File: tikzlibrarytopaths.code.tex 2025-08-29 v3.1.11a (3.1.11a)
)))
(/nix/store/arhp5gpazidag3p1hpnvhbabis0bd7bd-texlive-combined-full-2025-final-t
exmfdist/tex/generic/pgf/frontendlayer/tikz/libraries/tikzlibrarypositioning.co
de.tex
File: tikzlibrarypositioning.code.tex 2025-08-29 v3.1.11a (3.1.11a)
)
\c@@todonotes@numberoftodonotes=\count377
)
(/nix/store/arhp5gpazidag3p1hpnvhbabis0bd7bd-texlive-combined-full-2025-final-t
exmfdist/tex/latex/biblatex/biblatex.sty
Package: biblatex 2025/07/10 v3.21 programmable bibliographies (PK/MW)

(/nix/store/arhp5gpazidag3p1hpnvhbabis0bd7bd-texlive-combined-full-2025-final-t
exmfdist/tex/latex/kvoptions/kvoptions.sty
Package: kvoptions 2022-06-15 v3.15 Key value format for package options (HO)

(/nix/store/arhp5gpazidag3p1hpnvhbabis0bd7bd-texlive-combined-full-2025-final-t
exmfdist/tex/latex/kvsetkeys/kvsetkeys.sty
Package: kvsetkeys 2022-10-05 v1.19 Key value parser (HO)
))
(/nix/store/arhp5gpazidag3p1hpnvhbabis0bd7bd-texlive-combined-full-2025-final-t
exmfdist/tex/latex/logreq/logreq.sty
Package: logreq 2010/08/04 v1.0 xml request logger
\lrq@indent=\count378

(/nix/store/arhp5gpazidag3p1hpnvhbabis0bd7bd-texlive-combined-full-2025-final-t
exmfdist/tex/latex/logreq/logreq.def
File: logreq.def 2010/08/04 v1.0 logreq spec v1.0
))
(/nix/store/arhp5gpazidag3p1hpnvhbabis0bd7bd-texlive-combined-full-2025-final-t
exmfdist/tex/latex/url/url.sty
\Urlmuskip=\muskip18
Package: url 2013/09/16  ver 3.4  Verb mode for urls, etc.
)
\c@tabx@nest=\count379
\c@listtotal=\count380
\c@listcount=\count381
\c@liststart=\count382
\c@liststop=\count383
\c@citecount=\count384
\c@citetotal=\count385
\c@multicitecount=\count386
\c@multicitetotal=\count387
\c@instcount=\count388
\c@maxnames=\count389
\c@minnames=\count390
\c@maxitems=\count391
\c@minitems=\count392
\c@citecounter=\count393
\c@maxcitecounter=\count394
\c@savedcitecounter=\count395
\c@uniquelist=\count396
\c@uniquename=\count397
\c@refsection=\count398
\c@refsegment=\count399
\c@maxextratitle=\count400
\c@maxextratitleyear=\count401
\c@maxextraname=\count402
\c@maxextradate=\count403
\c@maxextraalpha=\count404
\c@abbrvpenalty=\count405
\c@highnamepenalty=\count406
\c@lownamepenalty=\count407
\c@maxparens=\count408
\c@parenlevel=\count409
\blx@tempcnta=\count410
\blx@tempcntb=\count411
\blx@tempcntc=\count412
\c@blx@maxsection=\count413
\blx@maxsegment@0=\count414
\blx@notetype=\count415
\blx@parenlevel@text=\count416
\blx@parenlevel@foot=\count417
\blx@sectionciteorder@0=\count418
\blx@sectionciteorderinternal@0=\count419
\blx@entrysetcounter=\count420
\blx@biblioinstance=\count421
\labelnumberwidth=\skip69
\labelalphawidth=\skip70
\biblabelsep=\skip71
\bibitemsep=\skip72
\bibnamesep=\skip73
\bibinitsep=\skip74
\bibparsep=\skip75
\bibhang=\skip76
\blx@bcfin=\read4
\blx@bcfout=\write4
\blx@langwohyphens=\language91
\c@mincomprange=\count422
\c@maxcomprange=\count423
\c@mincompwidth=\count424
Package biblatex Info: Trying to load biblatex default data model...
Package biblatex Info: ... file 'blx-dm.def' found.

(/nix/store/arhp5gpazidag3p1hpnvhbabis0bd7bd-texlive-combined-full-2025-final-t
exmfdist/tex/latex/biblatex/blx-dm.def
File: blx-dm.def 2025/07/10 v3.21 biblatex datamodel (PK/MW)
)
Package biblatex Info: Trying to load biblatex style data model...
Package biblatex Info: ... file 'numeric.dbx' not found.
Package biblatex Info: Trying to load biblatex custom data model...
Package biblatex Info: ... file 'biblatex-dm.cfg' not found.
\c@afterword=\count425
\c@savedafterword=\count426
\c@annotator=\count427
\c@savedannotator=\count428
\c@author=\count429
\c@savedauthor=\count430
\c@bookauthor=\count431
\c@savedbookauthor=\count432
\c@commentator=\count433
\c@savedcommentator=\count434
\c@editor=\count435
\c@savededitor=\count436
\c@editora=\count437
\c@savededitora=\count438
\c@editorb=\count439
\c@savededitorb=\count440
\c@editorc=\count441
\c@savededitorc=\count442
\c@foreword=\count443
\c@savedforeword=\count444
\c@holder=\count445
\c@savedholder=\count446
\c@introduction=\count447
\c@savedintroduction=\count448
\c@namea=\count449
\c@savednamea=\count450
\c@nameb=\count451
\c@savednameb=\count452
\c@namec=\count453
\c@savednamec=\count454
\c@translator=\count455
\c@savedtranslator=\count456
\c@shortauthor=\count457
\c@savedshortauthor=\count458
\c@shorteditor=\count459
\c@savedshorteditor=\count460
\c@labelname=\count461
\c@savedlabelname=\count462
\c@institution=\count463
\c@savedinstitution=\count464
\c@lista=\count465
\c@savedlista=\count466
\c@listb=\count467
\c@savedlistb=\count468
\c@listc=\count469
\c@savedlistc=\count470
\c@listd=\count471
\c@savedlistd=\count472
\c@liste=\count473
\c@savedliste=\count474
\c@listf=\count475
\c@savedlistf=\count476
\c@location=\count477
\c@savedlocation=\count478
\c@organization=\count479
\c@savedorganization=\count480
\c@origlocation=\count481
\c@savedoriglocation=\count482
\c@origpublisher=\count483
\c@savedorigpublisher=\count484
\c@publisher=\count485
\c@savedpublisher=\count486
\c@language=\count487
\c@savedlanguage=\count488
\c@origlanguage=\count489
\c@savedoriglanguage=\count490
\c@pageref=\count491
\c@savedpageref=\count492
\shorthandwidth=\skip77
\shortjournalwidth=\skip78
\shortserieswidth=\skip79
\shorttitlewidth=\skip80
\shortauthorwidth=\skip81
\shorteditorwidth=\skip82
\locallabelnumberwidth=\skip83
\locallabelalphawidth=\skip84
\localshorthandwidth=\skip85
\localshortjournalwidth=\skip86
\localshortserieswidth=\skip87
\localshorttitlewidth=\skip88
\localshortauthorwidth=\skip89
\localshorteditorwidth=\skip90
Package biblatex Info: Trying to load compatibility code...
Package biblatex Info: ... file 'blx-compat.def' found.

(/nix/store/arhp5gpazidag3p1hpnvhbabis0bd7bd-texlive-combined-full-2025-final-t
exmfdist/tex/latex/biblatex/blx-compat.def
File: blx-compat.def 2025/07/10 v3.21 biblatex compatibility (PK/MW)
)
Package biblatex Info: Trying to load generic definitions...
Package biblatex Info: ... file 'biblatex.def' found.

(/nix/store/arhp5gpazidag3p1hpnvhbabis0bd7bd-texlive-combined-full-2025-final-t
exmfdist/tex/latex/biblatex/biblatex.def
File: biblatex.def 2025/07/10 v3.21 biblatex compatibility (PK/MW)
\c@textcitecount=\count493
\c@textcitetotal=\count494
\c@textcitemaxnames=\count495
\c@biburlbigbreakpenalty=\count496
\c@biburlbreakpenalty=\count497
\c@biburlnumpenalty=\count498
\c@biburlucpenalty=\count499
\c@biburllcpenalty=\count500
\biburlbigskip=\muskip19
\biburlnumskip=\muskip20
\biburlucskip=\muskip21
\biburllcskip=\muskip22
\c@smartand=\count501
)
Package biblatex Info: Trying to load bibliography style 'numeric'...
Package biblatex Info: ... file 'numeric.bbx' found.

(/nix/store/arhp5gpazidag3p1hpnvhbabis0bd7bd-texlive-combined-full-2025-final-t
exmfdist/tex/latex/biblatex/bbx/numeric.bbx
File: numeric.bbx 2025/07/10 v3.21 biblatex bibliography style (PK/MW)
Package biblatex Info: Trying to load bibliography style 'standard'...
Package biblatex Info: ... file 'standard.bbx' found.

(/nix/store/arhp5gpazidag3p1hpnvhbabis0bd7bd-texlive-combined-full-2025-final-t
exmfdist/tex/latex/biblatex/bbx/standard.bbx
File: standard.bbx 2025/07/10 v3.21 biblatex bibliography style (PK/MW)
\c@bbx:relatedcount=\count502
\c@bbx:relatedtotal=\count503
))
Package biblatex Info: Trying to load citation style 'numeric'...
Package biblatex Info: ... file 'numeric.cbx' found.

(/nix/store/arhp5gpazidag3p1hpnvhbabis0bd7bd-texlive-combined-full-2025-final-t
exmfdist/tex/latex/biblatex/cbx/numeric.cbx
File: numeric.cbx 2025/07/10 v3.21 biblatex citation style (PK/MW)
Package biblatex Info: Redefining '\cite'.
Package biblatex Info: Redefining '\parencite'.
Package biblatex Info: Redefining '\footcite'.
Package biblatex Info: Redefining '\footcitetext'.
Package biblatex Info: Redefining '\smartcite'.
Package biblatex Info: Redefining '\supercite'.
Package biblatex Info: Redefining '\textcite'.
Package biblatex Info: Redefining '\textcites'.
Package biblatex Info: Redefining '\cites'.
Package biblatex Info: Redefining '\parencites'.
Package biblatex Info: Redefining '\smartcites'.
)
Package biblatex Info: Trying to load configuration file...
Package biblatex Info: ... file 'biblatex.cfg' found.

(/nix/store/arhp5gpazidag3p1hpnvhbabis0bd7bd-texlive-combined-full-2025-final-t
exmfdist/tex/latex/biblatex/biblatex.cfg
File: biblatex.cfg 
)
Package biblatex Info: Input encoding 'utf8' detected.
Package biblatex Info: Document encoding is UTF8 ....

(/nix/store/arhp5gpazidag3p1hpnvhbabis0bd7bd-texlive-combined-full-2025-final-t
exmfdist/tex/latex/l3kernel/expl3.sty
Package: expl3 2026-01-19 L3 programming layer (loader) 

(/nix/store/arhp5gpazidag3p1hpnvhbabis0bd7bd-texlive-combined-full-2025-final-t
exmfdist/tex/latex/l3backend/l3backend-pdftex.def
File: l3backend-pdftex.def 2025-10-09 L3 backend support: PDF output (pdfTeX)
\l__color_backend_stack_int=\count504
))
Package biblatex Info: ... and expl3
(biblatex)             2026-01-19 L3 programming layer (loader) 
(biblatex)             is new enough (at least 2020/04/06),
(biblatex)             setting 'casechanger=expl3'.

(/nix/store/arhp5gpazidag3p1hpnvhbabis0bd7bd-texlive-combined-full-2025-final-t
exmfdist/tex/latex/biblatex/blx-case-expl3.sty
(/nix/store/arhp5gpazidag3p1hpnvhbabis0bd7bd-texlive-combined-full-2025-final-t
exmfdist/tex/latex/l3packages/xparse/xparse.sty
Package: xparse 2025-10-09 L3 Experimental document command parser
)
Package: blx-case-expl3 2025/07/10 v3.21 expl3 case changing code for biblatex
))
(/nix/store/arhp5gpazidag3p1hpnvhbabis0bd7bd-texlive-combined-full-2025-final-t
exmfdist/tex/latex/hyperref/hyperref.sty
Package: hyperref 2026-01-29 v7.01p Hypertext links for LaTeX

(/nix/store/arhp5gpazidag3p1hpnvhbabis0bd7bd-texlive-combined-full-2025-final-t
exmfdist/tex/generic/kvdefinekeys/kvdefinekeys.sty
Package: kvdefinekeys 2019-12-19 v1.6 Define keys (HO)
)
(/nix/store/arhp5gpazidag3p1hpnvhbabis0bd7bd-texlive-combined-full-2025-final-t
exmfdist/tex/generic/pdfescape/pdfescape.sty
Package: pdfescape 2019/12/09 v1.15 Implements pdfTeX's escape features (HO)
)
(/nix/store/arhp5gpazidag3p1hpnvhbabis0bd7bd-texlive-combined-full-2025-final-t
exmfdist/tex/latex/hycolor/hycolor.sty
Package: hycolor 2020-01-27 v1.10 Color options for hyperref/bookmark (HO)
)
(/nix/store/arhp5gpazidag3p1hpnvhbabis0bd7bd-texlive-combined-full-2025-final-t
exmfdist/tex/latex/hyperref/nameref.sty
Package: nameref 2026-01-29 v2.58 Cross-referencing by name of section

(/nix/store/arhp5gpazidag3p1hpnvhbabis0bd7bd-texlive-combined-full-2025-final-t
exmfdist/tex/latex/refcount/refcount.sty
Package: refcount 2019/12/15 v3.6 Data extraction from label references (HO)
)
(/nix/store/arhp5gpazidag3p1hpnvhbabis0bd7bd-texlive-combined-full-2025-final-t
exmfdist/tex/generic/gettitlestring/gettitlestring.sty
Package: gettitlestring 2019/12/15 v1.6 Cleanup title references (HO)
)
\c@section@level=\count505
)
(/nix/store/arhp5gpazidag3p1hpnvhbabis0bd7bd-texlive-combined-full-2025-final-t
exmfdist/tex/generic/stringenc/stringenc.sty
Package: stringenc 2019/11/29 v1.12 Convert strings between diff. encodings (HO
)
)
\@linkdim=\dimen324
\Hy@linkcounter=\count506
\Hy@pagecounter=\count507

(/nix/store/arhp5gpazidag3p1hpnvhbabis0bd7bd-texlive-combined-full-2025-final-t
exmfdist/tex/latex/hyperref/pd1enc.def
File: pd1enc.def 2026-01-29 v7.01p Hyperref: PDFDocEncoding definition (HO)
Now handling font encoding PD1 ...
... no UTF-8 mapping file for font encoding PD1
)
(/nix/store/arhp5gpazidag3p1hpnvhbabis0bd7bd-texlive-combined-full-2025-final-t
exmfdist/tex/generic/intcalc/intcalc.sty
Package: intcalc 2019/12/15 v1.3 Expandable calculations with integers (HO)
)
\Hy@SavedSpaceFactor=\count508

(/nix/store/arhp5gpazidag3p1hpnvhbabis0bd7bd-texlive-combined-full-2025-final-t
exmfdist/tex/latex/hyperref/puenc.def
File: puenc.def 2026-01-29 v7.01p Hyperref: PDF Unicode definition (HO)
Now handling font encoding PU ...
... no UTF-8 mapping file for font encoding PU
)
Package hyperref Info: Option `pdfusetitle' set `true' on input line 4072.
Package hyperref Info: Hyper figures OFF on input line 4201.
Package hyperref Info: Link nesting OFF on input line 4206.
Package hyperref Info: Hyper index ON on input line 4209.
Package hyperref Info: Plain pages OFF on input line 4216.
Package hyperref Info: Backreferencing OFF on input line 4221.
Package hyperref Info: Implicit mode ON; LaTeX internals redefined.
Package hyperref Info: Bookmarks ON on input line 4468.
\c@Hy@tempcnt=\count509
LaTeX Info: Redefining \url on input line 4807.
\XeTeXLinkMargin=\dimen325

(/nix/store/arhp5gpazidag3p1hpnvhbabis0bd7bd-texlive-combined-full-2025-final-t
exmfdist/tex/generic/bitset/bitset.sty
Package: bitset 2019/12/09 v1.3 Handle bit-vector datatype (HO)

(/nix/store/arhp5gpazidag3p1hpnvhbabis0bd7bd-texlive-combined-full-2025-final-t
exmfdist/tex/generic/bigintcalc/bigintcalc.sty
Package: bigintcalc 2019/12/15 v1.5 Expandable calculations on big integers (HO
)
))
\Fld@menulength=\count510
\Field@Width=\dimen326
\Fld@charsize=\dimen327
Package hyperref Info: Hyper figures OFF on input line 6084.
Package hyperref Info: Link nesting OFF on input line 6089.
Package hyperref Info: Hyper index ON on input line 6092.
Package hyperref Info: backreferencing OFF on input line 6099.
Package hyperref Info: Link coloring OFF on input line 6104.
Package hyperref Info: Link coloring with OCG OFF on input line 6109.
Package hyperref Info: PDF/A mode OFF on input line 6114.
\Hy@abspage=\count511
\c@Item=\count512
\c@Hfootnote=\count513
)
Package hyperref Info: Driver (autodetected): hpdftex.

(/nix/store/arhp5gpazidag3p1hpnvhbabis0bd7bd-texlive-combined-full-2025-final-t
exmfdist/tex/latex/hyperref/hpdftex.def
File: hpdftex.def 2026-01-29 v7.01p Hyperref driver for pdfTeX
\Fld@listcount=\count514
\c@bookmark@seq@number=\count515

(/nix/store/arhp5gpazidag3p1hpnvhbabis0bd7bd-texlive-combined-full-2025-final-t
exmfdist/tex/latex/rerunfilecheck/rerunfilecheck.sty
Package: rerunfilecheck 2025-06-21 v1.11 Rerun checks for auxiliary files (HO)

(/nix/store/arhp5gpazidag3p1hpnvhbabis0bd7bd-texlive-combined-full-2025-final-t
exmfdist/tex/generic/uniquecounter/uniquecounter.sty
Package: uniquecounter 2019/12/15 v1.4 Provide unlimited unique counter (HO)
)
Package uniquecounter Info: New unique counter `rerunfilecheck' on input line 2
84.
)
\Hy@SectionHShift=\skip91
)
(/nix/store/arhp5gpazidag3p1hpnvhbabis0bd7bd-texlive-combined-full-2025-final-t
exmfdist/tex/latex/cleveref/cleveref.sty
Package: cleveref 2018/03/27 v0.21.4 Intelligent cross-referencing
Package cleveref Info: `hyperref' support loaded on input line 2370.
LaTeX Info: Redefining \cref on input line 2370.
LaTeX Info: Redefining \Cref on input line 2370.
LaTeX Info: Redefining \crefrange on input line 2370.
LaTeX Info: Redefining \Crefrange on input line 2370.
LaTeX Info: Redefining \cpageref on input line 2370.
LaTeX Info: Redefining \Cpageref on input line 2370.
LaTeX Info: Redefining \cpagerefrange on input line 2370.
LaTeX Info: Redefining \Cpagerefrange on input line 2370.
LaTeX Info: Redefining \labelcref on input line 2370.
LaTeX Info: Redefining \labelcpageref on input line 2370.
Package cleveref Info: `amsthm' support loaded on input line 3026.
Package cleveref Info: `algorithmicx' support loaded on input line 3120.
Package cleveref Info: `listings' support loaded on input line 3131.
Package cleveref Info: always capitalise cross-reference names on input line 78
25.
Package cleveref Info: always capitalise cross-reference names on input line 78
52.
Package cleveref Info: no abbreviation of names on input line 7852.
)
==> First Aid for cleveref.sty applied!
\c@theorem=\count516
Package csquotes Info: Checking for multilingual support...
Package csquotes Info: ... found 'babel' package.
Package csquotes Info: Adjusting default style.
Package csquotes Info: Redefining alias 'default' -> 'english'.
LaTeX Font Info:    Trying to load font information for T1+lmr on input line 92
.

(/nix/store/arhp5gpazidag3p1hpnvhbabis0bd7bd-texlive-combined-full-2025-final-t
exmfdist/tex/latex/lm/t1lmr.fd
File: t1lmr.fd 2015/05/01 v1.6.1 Font defs for Latin Modern
) (./thesis.aux)
\openout1 = `thesis.aux'.

LaTeX Font Info:    Checking defaults for OML/cmm/m/it on input line 92.
LaTeX Font Info:    ... okay on input line 92.
LaTeX Font Info:    Checking defaults for OMS/cmsy/m/n on input line 92.
LaTeX Font Info:    ... okay on input line 92.
LaTeX Font Info:    Checking defaults for OT1/cmr/m/n on input line 92.
LaTeX Font Info:    ... okay on input line 92.
LaTeX Font Info:    Checking defaults for T1/cmr/m/n on input line 92.
LaTeX Font Info:    ... okay on input line 92.
LaTeX Font Info:    Checking defaults for TS1/cmr/m/n on input line 92.
LaTeX Font Info:    ... okay on input line 92.
LaTeX Font Info:    Checking defaults for OMX/cmex/m/n on input line 92.
LaTeX Font Info:    ... okay on input line 92.
LaTeX Font Info:    Checking defaults for U/cmr/m/n on input line 92.
LaTeX Font Info:    ... okay on input line 92.
LaTeX Font Info:    Checking defaults for PD1/pdf/m/n on input line 92.
LaTeX Font Info:    ... okay on input line 92.
LaTeX Font Info:    Checking defaults for PU/pdf/m/n on input line 92.
LaTeX Font Info:    ... okay on input line 92.
LaTeX Info: Redefining \microtypecontext on input line 92.
Package microtype Info: Applying patch `item' on input line 92.
Package microtype Info: Applying patch `toc' on input line 92.
Package microtype Info: Applying patch `eqnum' on input line 92.
Package microtype Info: Applying patch `footnote' on input line 92.
Package microtype Info: Applying patch `verbatim' on input line 92.
LaTeX Info: Redefining \microtypesetup on input line 92.
Package microtype Info: Generating PDF output.
Package microtype Info: Character protrusion enabled (level 2).
Package microtype Info: Using default protrusion set `alltext'.
Package microtype Info: Automatic font expansion enabled (level 2),
(microtype)             stretch: 20, shrink: 20, step: 1, non-selected.
Package microtype Info: Using default expansion set `alltext-nott'.
Package microtype Info: Patching command `\showhyphens'.
Package microtype Info: No adjustment of tracking.
Package microtype Info: No adjustment of interword spacing.
Package microtype Info: No adjustment of character kerning.

(/nix/store/arhp5gpazidag3p1hpnvhbabis0bd7bd-texlive-combined-full-2025-final-t
exmfdist/tex/latex/microtype/mt-cmr.cfg
File: mt-cmr.cfg 2013/05/19 v2.2 microtype config. file: Computer Modern Roman 
(RS)
)
*geometry* driver: auto-detecting
*geometry* detected driver: pdftex
*geometry* verbose mode - [ preamble ] result:
* driver: pdftex
* paper: a4paper
* layout: <same size as paper>
* layoutoffset:(h,v)=(0.0pt,0.0pt)
* modes: 
* h-part:(L,W,R)=(85.35826pt, 441.01773pt, 71.13188pt)
* v-part:(T,H,B)=(71.13188pt, 702.78308pt, 71.13188pt)
* \paperwidth=597.50787pt
* \paperheight=845.04684pt
* \textwidth=441.01773pt
* \textheight=702.78308pt
* \oddsidemargin=13.08827pt
* \evensidemargin=13.08827pt
* \topmargin=-38.1381pt
* \headheight=12.0pt
* \headsep=25.0pt
* \topskip=11.0pt
* \footskip=30.0pt
* \marginparwidth=56.9055pt
* \marginparsep=10.0pt
* \columnsep=10.0pt
* \skip\footins=10.0pt plus 4.0pt minus 2.0pt
* \hoffset=0.0pt
* \voffset=0.0pt
* \mag=1000
* \@twocolumnfalse
* \@twosidefalse
* \@mparswitchfalse
* \@reversemarginfalse
* (1in=72.27pt=25.4mm, 1cm=28.453pt)


(/nix/store/arhp5gpazidag3p1hpnvhbabis0bd7bd-texlive-combined-full-2025-final-t
exmfdist/tex/context/base/mkii/supp-pdf.mkii
[Loading MPS to PDF converter (version 2006.09.02).]
\scratchcounter=\count517
\scratchdimen=\dimen328
\scratchbox=\box82
\nofMPsegments=\count518
\nofMParguments=\count519
\everyMPshowfont=\toks56
\MPscratchCnt=\count520
\MPscratchDim=\dimen329
\MPnumerator=\count521
\makeMPintoPDFobject=\count522
\everyMPtoPDFconversion=\toks57
)
(/nix/store/arhp5gpazidag3p1hpnvhbabis0bd7bd-texlive-combined-full-2025-final-t
exmfdist/tex/latex/epstopdf-pkg/epstopdf-base.sty
Package: epstopdf-base 2020-01-24 v2.11 Base part for package epstopdf

(/nix/store/arhp5gpazidag3p1hpnvhbabis0bd7bd-texlive-combined-full-2025-final-t
exmfdist/tex/latex/grfext/grfext.sty
Package: grfext 2019/12/03 v1.3 Manage graphics extensions (HO)
)
Package epstopdf-base Info: Redefining graphics rule for `.eps' on input line 4
85.
Package grfext Info: Graphics extension search list:
(grfext)             [.pdf,.png,.jpg,.mps,.jpeg,.jbig2,.jb2,.PDF,.PNG,.JPG,.JPE
G,.JBIG2,.JB2,.eps]
(grfext)             \AppendGraphicsExtensions on input line 504.

(/nix/store/arhp5gpazidag3p1hpnvhbabis0bd7bd-texlive-combined-full-2025-final-t
exmfdist/tex/latex/latexconfig/epstopdf-sys.cfg
File: epstopdf-sys.cfg 2010/07/13 v1.3 Configuration of (r)epstopdf for TeX Liv
e
))
Package caption Info: Begin \AtBeginDocument code.
Package caption Info: float package is loaded.
Package caption Info: hyperref package is loaded.
Package caption Info: listings package is loaded.
Package caption Info: End \AtBeginDocument code.

(/nix/store/arhp5gpazidag3p1hpnvhbabis0bd7bd-texlive-combined-full-2025-final-t
exmfdist/tex/latex/translations/translations-basic-dictionary-english.trsl
File: translations-basic-dictionary-english.trsl (english translation file `tra
nslations-basic-dictionary')
)
Package translations Info: loading dictionary `translations-basic-dictionary' f
or `english'. on input line 92.
\c@lstlisting=\count523
Package biblatex Info: Trying to load language 'english'...
Package biblatex Info: ... file 'english.lbx' found.

(/nix/store/arhp5gpazidag3p1hpnvhbabis0bd7bd-texlive-combined-full-2025-final-t
exmfdist/tex/latex/biblatex/lbx/english.lbx
File: english.lbx 2025/07/10 v3.21 biblatex localization (PK/MW)
)
Package biblatex Info: Input encoding 'utf8' detected.
Package biblatex Info: Automatic encoding selection.
(biblatex)             Assuming data encoding 'utf8'.
\openout4 = `thesis.bcf'.

Package biblatex Info: Trying to load bibliographic data...
Package biblatex Info: ... file 'thesis.bbl' found.
 (./thesis.bbl

Package biblatex Warning: The following entry could not be found
(biblatex)                in the database:
(biblatex)                TODO cite original afl
(biblatex)                Please verify the spelling and rerun
(biblatex)                LaTeX afterwards.

)
Package biblatex Info: Reference section=0 on input line 92.
Package biblatex Info: Reference segment=0 on input line 92.
Package hyperref Info: Link coloring OFF on input line 92.
 (./thesis.out) (./thesis.out)
\@outlinefile=\write5
\openout5 = `thesis.out'.

Package hyperref Info: Option `pageanchor' set `false' on input line 95.
 [1

{/nix/store/h8pcc9fhs0vvm4g3n0gf3j5fv04glilm-texlive-combined-full-2025-final/s
hare/texmf-var/fonts/map/pdftex/updmap/pdftex.map}{/nix/store/arhp5gpazidag3p1h
pnvhbabis0bd7bd-texlive-combined-full-2025-final-texmfdist/fonts/enc/dvips/lm/l
m-ec.enc}]
Package hyperref Info: Option `pageanchor' set `true' on input line 108.
 (./chapters/abstract.tex [1])
(./thesis.toc
LaTeX Font Info:    Trying to load font information for OT1+lmr on input line 3
.

(/nix/store/arhp5gpazidag3p1hpnvhbabis0bd7bd-texlive-combined-full-2025-final-t
exmfdist/tex/latex/lm/ot1lmr.fd
File: ot1lmr.fd 2015/05/01 v1.6.1 Font defs for Latin Modern
)
LaTeX Font Info:    Trying to load font information for OML+lmm on input line 3
.

(/nix/store/arhp5gpazidag3p1hpnvhbabis0bd7bd-texlive-combined-full-2025-final-t
exmfdist/tex/latex/lm/omllmm.fd
File: omllmm.fd 2015/05/01 v1.6.1 Font defs for Latin Modern
)
LaTeX Font Info:    Trying to load font information for OMS+lmsy on input line 
3.

(/nix/store/arhp5gpazidag3p1hpnvhbabis0bd7bd-texlive-combined-full-2025-final-t
exmfdist/tex/latex/lm/omslmsy.fd
File: omslmsy.fd 2015/05/01 v1.6.1 Font defs for Latin Modern
)
LaTeX Font Info:    Trying to load font information for OMX+lmex on input line 
3.

(/nix/store/arhp5gpazidag3p1hpnvhbabis0bd7bd-texlive-combined-full-2025-final-t
exmfdist/tex/latex/lm/omxlmex.fd
File: omxlmex.fd 2015/05/01 v1.6.1 Font defs for Latin Modern
)
LaTeX Font Info:    External font `lmex10' loaded for size
(Font)              <10.95> on input line 3.
LaTeX Font Info:    External font `lmex10' loaded for size
(Font)              <8> on input line 3.
LaTeX Font Info:    External font `lmex10' loaded for size
(Font)              <6> on input line 3.
LaTeX Font Info:    Trying to load font information for U+msa on input line 3.

(/nix/store/arhp5gpazidag3p1hpnvhbabis0bd7bd-texlive-combined-full-2025-final-t
exmfdist/tex/latex/amsfonts/umsa.fd
File: umsa.fd 2013/01/14 v3.01 AMS symbols A
)
(/nix/store/arhp5gpazidag3p1hpnvhbabis0bd7bd-texlive-combined-full-2025-final-t
exmfdist/tex/latex/microtype/mt-msa.cfg
File: mt-msa.cfg 2006/02/04 v1.1 microtype config. file: AMS symbols (a) (RS)
)
LaTeX Font Info:    Trying to load font information for U+msb on input line 3.

(/nix/store/arhp5gpazidag3p1hpnvhbabis0bd7bd-texlive-combined-full-2025-final-t
exmfdist/tex/latex/amsfonts/umsb.fd
File: umsb.fd 2013/01/14 v3.01 AMS symbols B
)
(/nix/store/arhp5gpazidag3p1hpnvhbabis0bd7bd-texlive-combined-full-2025-final-t
exmfdist/tex/latex/microtype/mt-msb.cfg
File: mt-msb.cfg 2005/06/01 v1.0 microtype config. file: AMS symbols (b) (RS)
)
pdfTeX warning (ext4): destination with the same identifier (name{page.i}) has 
been already used, duplicate ignored
<to be read again> 
                   \relax 
l.46 ... and the Reset Primitive}{18}{section.5.4}
                                                  % [1

] [2])
\tf@toc=\write6
\openout6 = `thesis.toc'.

 [3]
(./chapters/introduction.tex
Chapter 1.
) [1


]
Chapter 2.
(./chapters/background/fuzzing.tex
Underfull \hbox (badness 10000) in paragraph at lines 31--39

 []

[2

] [3] [4]
Package hyperref Info: bookmark level for unknown todo defaults to 0 on input l
ine 192.
Package hyperref Info: bookmark level for unknown algorithm defaults to 0 on in
put line 207.
Package microtype Info: Character `029' is missing
(microtype)             in font `T1/lmr/m/sc/10.95'.
(microtype)             Ignoring protrusion settings for this character.
 [5{/nix/store/arhp5gpazidag3p1hpnvhbabis0bd7bd-texlive-combined-full-2025-fina
l-texmfdist/fonts/enc/dvips/lm/lm-mathit.enc}{/nix/store/arhp5gpazidag3p1hpnvhb
abis0bd7bd-texlive-combined-full-2025-final-texmfdist/fonts/enc/dvips/lm/lm-mat
hsy.enc}] [6{/nix/store/arhp5gpazidag3p1hpnvhbabis0bd7bd-texlive-combined-full-
2025-final-texmfdist/fonts/enc/dvips/lm/lm-rm.enc}] [7]

LaTeX Warning: Citation 'TODO cite original afl' on page 8 undefined on input l
ine 373.


Overfull \hbox (32.2457pt too wide) in paragraph at lines 373--376
[]\T1/lmr/m/n/10.95 (-20) AFL++ is a main-tained reim-ple-men-ta-tion of the no
w aged AFL fuzzer [[]].
 []

[8]
LaTeX Font Info:    Trying to load font information for TS1+lmr on input line 4
00.

(/nix/store/arhp5gpazidag3p1hpnvhbabis0bd7bd-texlive-combined-full-2025-final-t
exmfdist/tex/latex/lm/ts1lmr.fd
File: ts1lmr.fd 2015/05/01 v1.6.1 Font defs for Latin Modern
) [9{/nix/store/arhp5gpazidag3p1hpnvhbabis0bd7bd-texlive-combined-full-2025-fin
al-texmfdist/fonts/enc/dvips/lm/lm-ts1.enc}]

LaTeX Warning: Marginpar on page 10 moved.

[10]) (./chapters/background/reinforcement-learning.tex [11{/nix/store/arhp5gpa
zidag3p1hpnvhbabis0bd7bd-texlive-combined-full-2025-final-texmfdist/fonts/enc/d
vips/lm/lm-mathex.enc}]
Overfull \hbox (40.78665pt too wide) in paragraph at lines 90--90
\T1/lmr/m/n/10.95 (-20) williams1992simple 
 []


Overfull \hbox (40.78665pt too wide) in paragraph at lines 90--90
\T1/lmr/m/n/10.95 (-20) williams1992simple 
 []


LaTeX Warning: Marginpar on page 12 moved.

[12]) (./chapters/efficientzero.tex [13]
Chapter 3.
) [14

]
Chapter 4.
(./chapters/related-work.tex [15

] [16]) (./chapters/platform.tex [17]
Chapter 5.
) (./chapters/fuzzing-mdp.tex [18

]
Chapter 6.
) [19

]
Chapter 7.
(./chapters/fuzzing-input-actions/overview.tex)
(./chapters/fuzzing-input-actions/action-space.tex)
(./chapters/fuzzing-input-actions/observation.tex)
(./chapters/fuzzing-input-actions/reward.tex)
(./chapters/fuzzing-input-actions/determinism.tex)
(./chapters/fuzzing-input-actions/prior-work.tex) [20

]
Chapter 8.
(./chapters/fuzzing-corpus-actions/overview.tex)
(./chapters/fuzzing-corpus-actions/action-space.tex)
(./chapters/fuzzing-corpus-actions/observation.tex)
(./chapters/fuzzing-corpus-actions/reward.tex)
(./chapters/fuzzing-corpus-actions/determinism.tex)
(./chapters/fuzzing-corpus-actions/prior-work.tex)
(./chapters/implementation.tex [21

]
Chapter 9.
) [22

]
Chapter 10.
(./chapters/targets/overview.tex) (./chapters/targets/bandit.tex)
(./chapters/targets/contextual-bandit.tex) (./chapters/targets/sequence.tex)
(./chapters/targets/branches.tex) (./chapters/targets/cjson.tex)
(./chapters/targets/open62541.tex) (./chapters/methodology.tex [23

]
Chapter 11.
) [24

]
Chapter 12.
(./chapters/results/input-actions.tex) (./chapters/results/corpus-actions.tex)
(./chapters/results/head-to-head.tex) (./chapters/results/ablations.tex)
(./chapters/failure-modes.tex [25

]
Chapter 13.
) [26

]
Chapter 14.
(./chapters/discussion/advantages.tex) (./chapters/discussion/disadvantages.tex
) (./chapters/discussion/threats.tex) (./chapters/conclusion.tex [27

]
Chapter 15.
) (./chapters/future-work.tex [28

]
Chapter 16.
) [29

]
LaTeX Font Info:    Trying to load font information for T1+lmtt on input line 1
97.

(/nix/store/arhp5gpazidag3p1hpnvhbabis0bd7bd-texlive-combined-full-2025-final-t
exmfdist/tex/latex/lm/t1lmtt.fd
File: t1lmtt.fd 2015/05/01 v1.6.1 Font defs for Latin Modern
)
Package microtype Info: Loading generic protrusion settings for font family
(microtype)             `lmtt' (encoding: T1).
(microtype)             For optimal results, create family-specific settings.
(microtype)             See the microtype manual for details.
 [30

]
Overfull \hbox (2.83464pt too wide) in paragraph at lines 197--197
\T1/lmr/m/it/10.95 (-20) of Re-in-force-ment Learn-ing: From Al-go-rithms to Pr
ac-ti-cal Chal-lenges\T1/lmr/m/n/10.95 (-20) . en. arXiv:2411.18892
 []


Overfull \hbox (5.35709pt too wide) in paragraph at lines 197--197
[]\T1/lmr/m/n/10.95 (-20) David Ha and Jür-gen Schmid-hu-ber. ^^P  World Mod-el
s^^Q. en. In: (Mar. 2018). arXiv:1803.10122
 []


Overfull \hbox (22.82542pt too wide) in paragraph at lines 197--197
[]\T1/lmr/m/n/10.95 (-20) Danijar Hafner et al. \T1/lmr/m/it/10.95 (-20) Learn-
ing La-tent Dy-nam-ics for Plan-ning from Pix-els\T1/lmr/m/n/10.95 (-20) . en. 
arXiv:1811.04551
 []


Overfull \hbox (17.99776pt too wide) in paragraph at lines 197--197
[]\T1/lmr/m/n/10.95 (-20) Danijar Hafner et al. \T1/lmr/m/it/10.95 (-20) Mas-te
r-ing Di-verse Do-mains through World Mod-els\T1/lmr/m/n/10.95 (-20) . en. arXi
v:2301.04104
 []

[31]
Overfull \hbox (33.67621pt too wide) in paragraph at lines 197--197
[]\T1/lmr/m/n/10.95 (-20) Thomas M. Mo-er-land et al. \T1/lmr/m/it/10.95 (-20) 
Model-based Re-in-force-ment Learn-ing: A Sur-vey\T1/lmr/m/n/10.95 (-20) . en. 
arXiv:2006.16712
 []

[32] [33] [34] [35] (./chapters/appendix.tex [36]
Appendix A.
[37

]
Appendix B.
[38

]
Appendix C.
) [39

] (./thesis.aux)
 ***********
LaTeX2e <2025-11-01>
L3 programming layer <2026-01-19>
 ***********
Package rerunfilecheck Info: File `thesis.out' has not changed.
(rerunfilecheck)             Checksum: 4F795A142C7178F8AD60B22F34C10F11;16161.
Package logreq Info: Writing requests to 'thesis.run.xml'.
\openout1 = `thesis.run.xml'.

 ) 
Here is how much of TeX's memory you used:
 43821 strings out of 467533
 906802 string characters out of 5392394
 1697845 words of memory out of 5000000
 71508 multiletter control sequences out of 15000+600000
 709791 words of font info for 213 fonts, out of 8000000 for 9000
 1141 hyphenation exceptions out of 8191
 99i,9n,108p,2141b,2903s stack positions out of 10000i,1000n,20000p,200000b,200000s
</nix/store/arhp5gpazidag3p1hpnvhbabis0bd7bd-texlive-combined-full-2025-final
-texmfdist/fonts/type1/public/lm/lmbx10.pfb></nix/store/arhp5gpazidag3p1hpnvhba
bis0bd7bd-texlive-combined-full-2025-final-texmfdist/fonts/type1/public/lm/lmbx
12.pfb></nix/store/arhp5gpazidag3p1hpnvhbabis0bd7bd-texlive-combined-full-2025-
final-texmfdist/fonts/type1/public/lm/lmcsc10.pfb></nix/store/arhp5gpazidag3p1h
pnvhbabis0bd7bd-texlive-combined-full-2025-final-texmfdist/fonts/type1/public/l
m/lmex10.pfb></nix/store/arhp5gpazidag3p1hpnvhbabis0bd7bd-texlive-combined-full
-2025-final-texmfdist/fonts/type1/public/lm/lmmi10.pfb></nix/store/arhp5gpazida
g3p1hpnvhbabis0bd7bd-texlive-combined-full-2025-final-texmfdist/fonts/type1/pub
lic/lm/lmmi8.pfb></nix/store/arhp5gpazidag3p1hpnvhbabis0bd7bd-texlive-combined-
full-2025-final-texmfdist/fonts/type1/public/lm/lmr10.pfb></nix/store/arhp5gpaz
idag3p1hpnvhbabis0bd7bd-texlive-combined-full-2025-final-texmfdist/fonts/type1/
public/lm/lmr12.pfb></nix/store/arhp5gpazidag3p1hpnvhbabis0bd7bd-texlive-combin
ed-full-2025-final-texmfdist/fonts/type1/public/lm/lmr17.pfb></nix/store/arhp5g
pazidag3p1hpnvhbabis0bd7bd-texlive-combined-full-2025-final-texmfdist/fonts/typ
e1/public/lm/lmr8.pfb></nix/store/arhp5gpazidag3p1hpnvhbabis0bd7bd-texlive-comb
ined-full-2025-final-texmfdist/fonts/type1/public/lm/lmr9.pfb></nix/store/arhp5
gpazidag3p1hpnvhbabis0bd7bd-texlive-combined-full-2025-final-texmfdist/fonts/ty
pe1/public/lm/lmri10.pfb></nix/store/arhp5gpazidag3p1hpnvhbabis0bd7bd-texlive-c
ombined-full-2025-final-texmfdist/fonts/type1/public/lm/lmsy10.pfb></nix/store/
arhp5gpazidag3p1hpnvhbabis0bd7bd-texlive-combined-full-2025-final-texmfdist/fon
ts/type1/public/lm/lmsy8.pfb></nix/store/arhp5gpazidag3p1hpnvhbabis0bd7bd-texli
ve-combined-full-2025-final-texmfdist/fonts/type1/public/lm/lmtt10.pfb>
Output written on thesis.pdf (44 pages, 416808 bytes).
PDF statistics:
 1296 PDF objects out of 1440 (max. 8388607)
 1204 compressed objects within 13 object streams
 269 named destinations out of 1000 (max. 500000)
 46373 words of extra memory for PDF output out of 51595 (max. 10000000)

